#
# There is insufficient memory for the Java Runtime Environment to continue.
# Native memory allocation (malloc) failed to allocate 899856 bytes for Chunk::new
# Possible reasons:
#   The system is out of physical RAM or swap space
#   The process is running with CompressedOops enabled, and the Java Heap may be blocking the growth of the native heap
# Possible solutions:
#   Reduce memory load on the system
#   Increase physical memory or swap space
#   Check if swap backing store is full
#   Decrease Java heap size (-Xmx/-Xms)
#   Decrease number of Java threads
#   Decrease Java thread stack sizes (-Xss)
#   Set larger code cache with -XX:ReservedCodeCacheSize=
#   JVM is running with Unscaled Compressed Oops mode in which the Java heap is
#     placed in the first 4GB address space. The Java Heap base address is the
#     maximum limit for the native heap growth. Please use -XX:HeapBaseMinAddress
#     to set the Java Heap base and to place the Java Heap above 4GB virtual address.
# This output file may be truncated or incomplete.
#
#  Out of Memory Error (arena.cpp:168), pid=6684, tid=12420
#
# JRE version: Java(TM) SE Runtime Environment (21.0.6+8) (build 21.0.6+8-LTS-188)
# Java VM: Java HotSpot(TM) 64-Bit Server VM (21.0.6+8-LTS-188, mixed mode, sharing, tiered, compressed oops, compressed class ptrs, g1 gc, windows-amd64)
# No core dump will be written. Minidumps are not enabled by default on client versions of Windows
#

---------------  S U M M A R Y ------------

Command Line: C:\Users\Admin\wrangler\wrangler\wrangler-second-account\wrangler-core\target\surefire\surefirebooter15029273195915888580.jar C:\Users\Admin\wrangler\wrangler\wrangler-second-account\wrangler-core\target\surefire\surefire11478674288803656078tmp C:\Users\Admin\wrangler\wrangler\wrangler-second-account\wrangler-core\target\surefire\surefire_26055405686241642546tmp

Host: Intel(R) Core(TM) i3-7020U CPU @ 2.30GHz, 4 cores, 3G,  Windows 10 , 64 bit Build 19041 (10.0.19041.5678)
Time: Sat Apr 12 16:16:31 2025 India Standard Time elapsed time: 40.114520 seconds (0d 0h 0m 40s)

---------------  T H R E A D  ---------------

Current thread (0x00000168cfb21a70):  JavaThread "C2 CompilerThread0" daemon [_thread_in_native, id=12420, stack(0x00000031a0b00000,0x00000031a0c00000) (1024K)]


Current CompileTask:
C2:  40115 4962       4       io.cdap.directives.parser.ParseAvroFile::add (195 bytes)

Stack: [0x00000031a0b00000,0x00000031a0c00000]
Native frames: (J=compiled Java code, j=interpreted, Vv=VM code, C=native code)
V  [jvm.dll+0x6ca6d9]
V  [jvm.dll+0x854f51]
V  [jvm.dll+0x85747e]
V  [jvm.dll+0x857b53]
V  [jvm.dll+0x27dcc6]
V  [jvm.dll+0xc4c2d]
V  [jvm.dll+0xc5163]
V  [jvm.dll+0x3b5122]
V  [jvm.dll+0x1df4aa]
V  [jvm.dll+0x246a72]
V  [jvm.dll+0x245eff]
V  [jvm.dll+0x1c6d2e]
V  [jvm.dll+0x2554f9]
V  [jvm.dll+0x253a8a]
V  [jvm.dll+0x3ee576]
V  [jvm.dll+0x7ff2fb]
V  [jvm.dll+0x6c8dbd]
C  [ucrtbase.dll+0x21bb2]
C  [KERNEL32.DLL+0x17374]
C  [ntdll.dll+0x4cc91]


---------------  P R O C E S S  ---------------

Threads class SMR info:
_java_thread_list=0x0000016916f76e10, length=11, elements={
0x00000168b4ebd880, 0x00000168cfb0dfa0, 0x00000168cfb0e600, 0x00000168cfb12f30,
0x00000168cfb15820, 0x00000168cfb1a630, 0x00000168cfb1d440, 0x00000168cfb21a70,
0x00000168cfb24cc0, 0x0000016915076cb0, 0x0000016915077340
}

Java Threads: ( => current thread )
  0x00000168b4ebd880 JavaThread "main"                              [_thread_in_Java, id=2580, stack(0x000000319fd00000,0x000000319fe00000) (1024K)]
  0x00000168cfb0dfa0 JavaThread "Reference Handler"          daemon [_thread_blocked, id=11544, stack(0x00000031a0500000,0x00000031a0600000) (1024K)]
  0x00000168cfb0e600 JavaThread "Finalizer"                  daemon [_thread_blocked, id=10668, stack(0x00000031a0600000,0x00000031a0700000) (1024K)]
  0x00000168cfb12f30 JavaThread "Signal Dispatcher"          daemon [_thread_blocked, id=13816, stack(0x00000031a0700000,0x00000031a0800000) (1024K)]
  0x00000168cfb15820 JavaThread "Attach Listener"            daemon [_thread_blocked, id=9436, stack(0x00000031a0800000,0x00000031a0900000) (1024K)]
  0x00000168cfb1a630 JavaThread "Service Thread"             daemon [_thread_blocked, id=5236, stack(0x00000031a0900000,0x00000031a0a00000) (1024K)]
  0x00000168cfb1d440 JavaThread "Monitor Deflation Thread"   daemon [_thread_blocked, id=2284, stack(0x00000031a0a00000,0x00000031a0b00000) (1024K)]
=>0x00000168cfb21a70 JavaThread "C2 CompilerThread0"         daemon [_thread_in_native, id=12420, stack(0x00000031a0b00000,0x00000031a0c00000) (1024K)]
  0x00000168cfb24cc0 JavaThread "C1 CompilerThread0"         daemon [_thread_blocked, id=12840, stack(0x00000031a0c00000,0x00000031a0d00000) (1024K)]
  0x0000016915076cb0 JavaThread "Notification Thread"        daemon [_thread_blocked, id=10660, stack(0x00000031a0d00000,0x00000031a0e00000) (1024K)]
  0x0000016915077340 JavaThread "Common-Cleaner"             daemon [_thread_blocked, id=7692, stack(0x00000031a0e00000,0x00000031a0f00000) (1024K)]
Total: 11

Other Threads:
  0x00000168b4f73a20 VMThread "VM Thread"                           [id=1104, stack(0x00000031a0400000,0x00000031a0500000) (1024K)]
  0x00000168b4f64a30 WatcherThread "VM Periodic Task Thread"        [id=7436, stack(0x00000031a0300000,0x00000031a0400000) (1024K)]
  0x00000168b4ef2210 WorkerThread "GC Thread#0"                     [id=6436, stack(0x000000319fe00000,0x000000319ff00000) (1024K)]
  0x0000016915205260 WorkerThread "GC Thread#1"                     [id=1304, stack(0x00000031a0f00000,0x00000031a1000000) (1024K)]
  0x00000169159de1c0 WorkerThread "GC Thread#2"                     [id=2596, stack(0x00000031a1000000,0x00000031a1100000) (1024K)]
  0x0000016916c57d20 WorkerThread "GC Thread#3"                     [id=11720, stack(0x00000031a1100000,0x00000031a1200000) (1024K)]
  0x00000168b4efaeb0 ConcurrentGCThread "G1 Main Marker"            [id=12352, stack(0x000000319ff00000,0x00000031a0000000) (1024K)]
  0x00000168b4efc060 WorkerThread "G1 Conc#0"                       [id=12952, stack(0x00000031a0000000,0x00000031a0100000) (1024K)]
  0x00000168b4f55390 ConcurrentGCThread "G1 Refine#0"               [id=1032, stack(0x00000031a0100000,0x00000031a0200000) (1024K)]
  0x00000168b4f57a30 ConcurrentGCThread "G1 Service"                [id=9636, stack(0x00000031a0200000,0x00000031a0300000) (1024K)]
Total: 10

Threads with active compile tasks:
C2 CompilerThread0    40184 4962       4       io.cdap.directives.parser.ParseAvroFile::add (195 bytes)
Total: 1

VM state: not at safepoint (normal execution)

VM Mutex/Monitor currently owned by a thread: None

Heap address: 0x00000000c2000000, size: 992 MB, Compressed Oops mode: 32-bit

CDS archive(s) mapped at: [0x00000168d0000000-0x00000168d0c90000-0x00000168d0c90000), size 13172736, SharedBaseAddress: 0x00000168d0000000, ArchiveRelocationMode: 1.
Compressed class space mapped at: 0x00000168d1000000-0x0000016911000000, reserved size: 1073741824
Narrow klass base: 0x00000168d0000000, Narrow klass shift: 0, Narrow klass range: 0x100000000

GC Precious Log:
 CardTable entry size: 512
 Card Set container configuration: InlinePtr #cards 5 size 8 Array Of Cards #cards 12 size 40 Howl #buckets 4 coarsen threshold 1843 Howl Bitmap #cards 512 size 80 coarsen threshold 460 Card regions per heap region 1 cards per card region 2048
 CPUs: 4 total, 4 available
 Memory: 3961M
 Large Page Support: Disabled
 NUMA Support: Disabled
 Compressed Oops: Enabled (32-bit)
 Heap Region Size: 1M
 Heap Min Capacity: 8M
 Heap Initial Capacity: 62M
 Heap Max Capacity: 992M
 Pre-touch: Disabled
 Parallel Workers: 4
 Concurrent Workers: 1
 Concurrent Refinement Workers: 4
 Periodic GC: Disabled

Heap:
 garbage-first heap   total 311296K, used 190650K [0x00000000c2000000, 0x0000000100000000)
  region size 1024K, 8 young (8192K), 2 survivors (2048K)
 Metaspace       used 37722K, committed 37952K, reserved 1114112K
  class space    used 5019K, committed 5120K, reserved 1048576K

Heap Regions: E=young(eden), S=young(survivor), O=old, HS=humongous(starts), HC=humongous(continues), CS=collection set, F=free, TAMS=top-at-mark-start, PB=parsable bottom
|   0|0x00000000c2000000, 0x00000000c2100000, 0x00000000c2100000|100%|HS|  |TAMS 0x00000000c2000000| PB 0x00000000c2000000| Complete 
|   1|0x00000000c2100000, 0x00000000c2200000, 0x00000000c2200000|100%| O|  |TAMS 0x00000000c2100000| PB 0x00000000c2100000| Untracked 
|   2|0x00000000c2200000, 0x00000000c2300000, 0x00000000c2300000|100%| O|  |TAMS 0x00000000c2200000| PB 0x00000000c2200000| Untracked 
|   3|0x00000000c2300000, 0x00000000c2400000, 0x00000000c2400000|100%| O|  |TAMS 0x00000000c2300000| PB 0x00000000c2300000| Untracked 
|   4|0x00000000c2400000, 0x00000000c2500000, 0x00000000c2500000|100%| O|  |TAMS 0x00000000c2400000| PB 0x00000000c2400000| Untracked 
|   5|0x00000000c2500000, 0x00000000c2600000, 0x00000000c2600000|100%| O|  |TAMS 0x00000000c2500000| PB 0x00000000c2500000| Untracked 
|   6|0x00000000c2600000, 0x00000000c2700000, 0x00000000c2700000|100%| O|  |TAMS 0x00000000c2600000| PB 0x00000000c2600000| Untracked 
|   7|0x00000000c2700000, 0x00000000c2800000, 0x00000000c2800000|100%| O|  |TAMS 0x00000000c2700000| PB 0x00000000c2700000| Untracked 
|   8|0x00000000c2800000, 0x00000000c2900000, 0x00000000c2900000|100%|HS|  |TAMS 0x00000000c2800000| PB 0x00000000c2800000| Complete 
|   9|0x00000000c2900000, 0x00000000c2a00000, 0x00000000c2a00000|100%| O|  |TAMS 0x00000000c2900000| PB 0x00000000c2900000| Untracked 
|  10|0x00000000c2a00000, 0x00000000c2b00000, 0x00000000c2b00000|100%| O|  |TAMS 0x00000000c2a00000| PB 0x00000000c2a00000| Untracked 
|  11|0x00000000c2b00000, 0x00000000c2c00000, 0x00000000c2c00000|100%| O|  |TAMS 0x00000000c2b00000| PB 0x00000000c2b00000| Untracked 
|  12|0x00000000c2c00000, 0x00000000c2d00000, 0x00000000c2d00000|100%| O|  |TAMS 0x00000000c2c00000| PB 0x00000000c2c00000| Untracked 
|  13|0x00000000c2d00000, 0x00000000c2e00000, 0x00000000c2e00000|100%| O|  |TAMS 0x00000000c2d00000| PB 0x00000000c2d00000| Untracked 
|  14|0x00000000c2e00000, 0x00000000c2f00000, 0x00000000c2f00000|100%| O|  |TAMS 0x00000000c2e00000| PB 0x00000000c2e00000| Untracked 
|  15|0x00000000c2f00000, 0x00000000c3000000, 0x00000000c3000000|100%| O|  |TAMS 0x00000000c2f00000| PB 0x00000000c2f00000| Untracked 
|  16|0x00000000c3000000, 0x00000000c3100000, 0x00000000c3100000|100%|HS|  |TAMS 0x00000000c3000000| PB 0x00000000c3000000| Complete 
|  17|0x00000000c3100000, 0x00000000c3200000, 0x00000000c3200000|100%|HC|  |TAMS 0x00000000c3100000| PB 0x00000000c3100000| Complete 
|  18|0x00000000c3200000, 0x00000000c3300000, 0x00000000c3300000|100%|HS|  |TAMS 0x00000000c3200000| PB 0x00000000c3200000| Complete 
|  19|0x00000000c3300000, 0x00000000c3400000, 0x00000000c3400000|100%| O|  |TAMS 0x00000000c3300000| PB 0x00000000c3300000| Untracked 
|  20|0x00000000c3400000, 0x00000000c3500000, 0x00000000c3500000|100%| O|  |TAMS 0x00000000c3400000| PB 0x00000000c3400000| Untracked 
|  21|0x00000000c3500000, 0x00000000c3600000, 0x00000000c3600000|100%| O|  |TAMS 0x00000000c3500000| PB 0x00000000c3500000| Untracked 
|  22|0x00000000c3600000, 0x00000000c3700000, 0x00000000c3700000|100%| O|  |TAMS 0x00000000c3600000| PB 0x00000000c3600000| Untracked 
|  23|0x00000000c3700000, 0x00000000c3800000, 0x00000000c3800000|100%| O|  |TAMS 0x00000000c3700000| PB 0x00000000c3700000| Untracked 
|  24|0x00000000c3800000, 0x00000000c3900000, 0x00000000c3900000|100%| O|  |TAMS 0x00000000c3800000| PB 0x00000000c3800000| Untracked 
|  25|0x00000000c3900000, 0x00000000c3a00000, 0x00000000c3a00000|100%| O|  |TAMS 0x00000000c3900000| PB 0x00000000c3900000| Untracked 
|  26|0x00000000c3a00000, 0x00000000c3b00000, 0x00000000c3b00000|100%| O|  |TAMS 0x00000000c3a00000| PB 0x00000000c3a00000| Untracked 
|  27|0x00000000c3b00000, 0x00000000c3c00000, 0x00000000c3c00000|100%| O|  |TAMS 0x00000000c3b00000| PB 0x00000000c3b00000| Untracked 
|  28|0x00000000c3c00000, 0x00000000c3d00000, 0x00000000c3d00000|100%| O|  |TAMS 0x00000000c3c00000| PB 0x00000000c3c00000| Untracked 
|  29|0x00000000c3d00000, 0x00000000c3e00000, 0x00000000c3e00000|100%| O|  |TAMS 0x00000000c3d00000| PB 0x00000000c3d00000| Untracked 
|  30|0x00000000c3e00000, 0x00000000c3f00000, 0x00000000c3f00000|100%| O|  |TAMS 0x00000000c3e00000| PB 0x00000000c3e00000| Untracked 
|  31|0x00000000c3f00000, 0x00000000c4000000, 0x00000000c4000000|100%| O|  |TAMS 0x00000000c3f00000| PB 0x00000000c3f00000| Untracked 
|  32|0x00000000c4000000, 0x00000000c4100000, 0x00000000c4100000|100%| O|  |TAMS 0x00000000c4000000| PB 0x00000000c4000000| Untracked 
|  33|0x00000000c4100000, 0x00000000c4200000, 0x00000000c4200000|100%| O|  |TAMS 0x00000000c4100000| PB 0x00000000c4100000| Untracked 
|  34|0x00000000c4200000, 0x00000000c4300000, 0x00000000c4300000|100%| O|  |TAMS 0x00000000c4200000| PB 0x00000000c4200000| Untracked 
|  35|0x00000000c4300000, 0x00000000c4400000, 0x00000000c4400000|100%| O|  |TAMS 0x00000000c4300000| PB 0x00000000c4300000| Untracked 
|  36|0x00000000c4400000, 0x00000000c4500000, 0x00000000c4500000|100%| O|  |TAMS 0x00000000c4400000| PB 0x00000000c4400000| Untracked 
|  37|0x00000000c4500000, 0x00000000c4600000, 0x00000000c4600000|100%|HS|  |TAMS 0x00000000c4500000| PB 0x00000000c4500000| Complete 
|  38|0x00000000c4600000, 0x00000000c4700000, 0x00000000c4700000|100%| O|  |TAMS 0x00000000c4600000| PB 0x00000000c4600000| Untracked 
|  39|0x00000000c4700000, 0x00000000c4800000, 0x00000000c4800000|100%|HS|  |TAMS 0x00000000c4700000| PB 0x00000000c4700000| Complete 
|  40|0x00000000c4800000, 0x00000000c4900000, 0x00000000c4900000|100%|HC|  |TAMS 0x00000000c4800000| PB 0x00000000c4800000| Complete 
|  41|0x00000000c4900000, 0x00000000c4a00000, 0x00000000c4a00000|100%|HC|  |TAMS 0x00000000c4900000| PB 0x00000000c4900000| Complete 
|  42|0x00000000c4a00000, 0x00000000c4b00000, 0x00000000c4b00000|100%|HC|  |TAMS 0x00000000c4a00000| PB 0x00000000c4a00000| Complete 
|  43|0x00000000c4b00000, 0x00000000c4c00000, 0x00000000c4c00000|100%|HC|  |TAMS 0x00000000c4b00000| PB 0x00000000c4b00000| Complete 
|  44|0x00000000c4c00000, 0x00000000c4d00000, 0x00000000c4d00000|100%|HS|  |TAMS 0x00000000c4c00000| PB 0x00000000c4c00000| Complete 
|  45|0x00000000c4d00000, 0x00000000c4e00000, 0x00000000c4e00000|100%|HC|  |TAMS 0x00000000c4d00000| PB 0x00000000c4d00000| Complete 
|  46|0x00000000c4e00000, 0x00000000c4f00000, 0x00000000c4f00000|100%|HC|  |TAMS 0x00000000c4e00000| PB 0x00000000c4e00000| Complete 
|  47|0x00000000c4f00000, 0x00000000c5000000, 0x00000000c5000000|100%|HC|  |TAMS 0x00000000c4f00000| PB 0x00000000c4f00000| Complete 
|  48|0x00000000c5000000, 0x00000000c5100000, 0x00000000c5100000|100%|HC|  |TAMS 0x00000000c5000000| PB 0x00000000c5000000| Complete 
|  49|0x00000000c5100000, 0x00000000c5200000, 0x00000000c5200000|100%| O|  |TAMS 0x00000000c5100000| PB 0x00000000c5100000| Untracked 
|  50|0x00000000c5200000, 0x00000000c5300000, 0x00000000c5300000|100%|HS|  |TAMS 0x00000000c5200000| PB 0x00000000c5200000| Complete 
|  51|0x00000000c5300000, 0x00000000c5400000, 0x00000000c5400000|100%| O|  |TAMS 0x00000000c5300000| PB 0x00000000c5300000| Untracked 
|  52|0x00000000c5400000, 0x00000000c5500000, 0x00000000c5500000|100%|HS|  |TAMS 0x00000000c5400000| PB 0x00000000c5400000| Complete 
|  53|0x00000000c5500000, 0x00000000c5600000, 0x00000000c5600000|100%| O|  |TAMS 0x00000000c5500000| PB 0x00000000c5500000| Untracked 
|  54|0x00000000c5600000, 0x00000000c5700000, 0x00000000c5700000|100%|HS|  |TAMS 0x00000000c5600000| PB 0x00000000c5600000| Complete 
|  55|0x00000000c5700000, 0x00000000c5800000, 0x00000000c5800000|100%|HS|  |TAMS 0x00000000c5700000| PB 0x00000000c5700000| Complete 
|  56|0x00000000c5800000, 0x00000000c5900000, 0x00000000c5900000|100%|HS|  |TAMS 0x00000000c5800000| PB 0x00000000c5800000| Complete 
|  57|0x00000000c5900000, 0x00000000c5a00000, 0x00000000c5a00000|100%|HS|  |TAMS 0x00000000c5900000| PB 0x00000000c5900000| Complete 
|  58|0x00000000c5a00000, 0x00000000c5b00000, 0x00000000c5b00000|100%|HS|  |TAMS 0x00000000c5a00000| PB 0x00000000c5a00000| Complete 
|  59|0x00000000c5b00000, 0x00000000c5c00000, 0x00000000c5c00000|100%| O|  |TAMS 0x00000000c5b00000| PB 0x00000000c5b00000| Untracked 
|  60|0x00000000c5c00000, 0x00000000c5d00000, 0x00000000c5d00000|100%|HS|  |TAMS 0x00000000c5c00000| PB 0x00000000c5c00000| Complete 
|  61|0x00000000c5d00000, 0x00000000c5e00000, 0x00000000c5e00000|100%|HS|  |TAMS 0x00000000c5d00000| PB 0x00000000c5d00000| Complete 
|  62|0x00000000c5e00000, 0x00000000c5f00000, 0x00000000c5f00000|100%|HS|  |TAMS 0x00000000c5e00000| PB 0x00000000c5e00000| Complete 
|  63|0x00000000c5f00000, 0x00000000c6000000, 0x00000000c6000000|100%|HS|  |TAMS 0x00000000c5f00000| PB 0x00000000c5f00000| Complete 
|  64|0x00000000c6000000, 0x00000000c6100000, 0x00000000c6100000|100%|HC|  |TAMS 0x00000000c6000000| PB 0x00000000c6000000| Complete 
|  65|0x00000000c6100000, 0x00000000c6200000, 0x00000000c6200000|100%|HS|  |TAMS 0x00000000c6100000| PB 0x00000000c6100000| Complete 
|  66|0x00000000c6200000, 0x00000000c6300000, 0x00000000c6300000|100%|HS|  |TAMS 0x00000000c6200000| PB 0x00000000c6200000| Complete 
|  67|0x00000000c6300000, 0x00000000c6400000, 0x00000000c6400000|100%| O|  |TAMS 0x00000000c6300000| PB 0x00000000c6300000| Untracked 
|  68|0x00000000c6400000, 0x00000000c6500000, 0x00000000c6500000|100%|HS|  |TAMS 0x00000000c6400000| PB 0x00000000c6400000| Complete 
|  69|0x00000000c6500000, 0x00000000c6600000, 0x00000000c6600000|100%|HS|  |TAMS 0x00000000c6500000| PB 0x00000000c6500000| Complete 
|  70|0x00000000c6600000, 0x00000000c6700000, 0x00000000c6700000|100%|HS|  |TAMS 0x00000000c6600000| PB 0x00000000c6600000| Complete 
|  71|0x00000000c6700000, 0x00000000c6800000, 0x00000000c6800000|100%|HS|  |TAMS 0x00000000c6700000| PB 0x00000000c6700000| Complete 
|  72|0x00000000c6800000, 0x00000000c6900000, 0x00000000c6900000|100%|HS|  |TAMS 0x00000000c6800000| PB 0x00000000c6800000| Complete 
|  73|0x00000000c6900000, 0x00000000c6a00000, 0x00000000c6a00000|100%|HC|  |TAMS 0x00000000c6900000| PB 0x00000000c6900000| Complete 
|  74|0x00000000c6a00000, 0x00000000c6b00000, 0x00000000c6b00000|100%|HS|  |TAMS 0x00000000c6a00000| PB 0x00000000c6a00000| Complete 
|  75|0x00000000c6b00000, 0x00000000c6c00000, 0x00000000c6c00000|100%| O|  |TAMS 0x00000000c6b00000| PB 0x00000000c6b00000| Untracked 
|  76|0x00000000c6c00000, 0x00000000c6d00000, 0x00000000c6d00000|100%| O|  |TAMS 0x00000000c6c00000| PB 0x00000000c6c00000| Untracked 
|  77|0x00000000c6d00000, 0x00000000c6e00000, 0x00000000c6e00000|100%| O|  |TAMS 0x00000000c6d00000| PB 0x00000000c6d00000| Untracked 
|  78|0x00000000c6e00000, 0x00000000c6f00000, 0x00000000c6f00000|100%| O|Cm|TAMS 0x00000000c6e00000| PB 0x00000000c6e00000| Complete 
|  79|0x00000000c6f00000, 0x00000000c7000000, 0x00000000c7000000|100%|HS|  |TAMS 0x00000000c6f00000| PB 0x00000000c6f00000| Complete 
|  80|0x00000000c7000000, 0x00000000c7100000, 0x00000000c7100000|100%|HC|  |TAMS 0x00000000c7000000| PB 0x00000000c7000000| Complete 
|  81|0x00000000c7100000, 0x00000000c7200000, 0x00000000c7200000|100%|HS|  |TAMS 0x00000000c7100000| PB 0x00000000c7100000| Complete 
|  82|0x00000000c7200000, 0x00000000c7300000, 0x00000000c7300000|100%|HC|  |TAMS 0x00000000c7200000| PB 0x00000000c7200000| Complete 
|  83|0x00000000c7300000, 0x00000000c7400000, 0x00000000c7400000|100%|HC|  |TAMS 0x00000000c7300000| PB 0x00000000c7300000| Complete 
|  84|0x00000000c7400000, 0x00000000c7500000, 0x00000000c7500000|100%|HS|  |TAMS 0x00000000c7400000| PB 0x00000000c7400000| Complete 
|  85|0x00000000c7500000, 0x00000000c7600000, 0x00000000c7600000|100%|HS|  |TAMS 0x00000000c7500000| PB 0x00000000c7500000| Complete 
|  86|0x00000000c7600000, 0x00000000c7700000, 0x00000000c7700000|100%| O|  |TAMS 0x00000000c7600000| PB 0x00000000c7600000| Untracked 
|  87|0x00000000c7700000, 0x00000000c7800000, 0x00000000c7800000|100%|HS|  |TAMS 0x00000000c7700000| PB 0x00000000c7700000| Complete 
|  88|0x00000000c7800000, 0x00000000c7900000, 0x00000000c7900000|100%| O|  |TAMS 0x00000000c7800000| PB 0x00000000c7800000| Untracked 
|  89|0x00000000c7900000, 0x00000000c7a00000, 0x00000000c7a00000|100%|HS|  |TAMS 0x00000000c7900000| PB 0x00000000c7900000| Complete 
|  90|0x00000000c7a00000, 0x00000000c7b00000, 0x00000000c7b00000|100%| O|Cm|TAMS 0x00000000c7a00000| PB 0x00000000c7a00000| Complete 
|  91|0x00000000c7b00000, 0x00000000c7c00000, 0x00000000c7c00000|100%|HS|  |TAMS 0x00000000c7b00000| PB 0x00000000c7b00000| Complete 
|  92|0x00000000c7c00000, 0x00000000c7d00000, 0x00000000c7d00000|100%|HS|  |TAMS 0x00000000c7c00000| PB 0x00000000c7c00000| Complete 
|  93|0x00000000c7d00000, 0x00000000c7e00000, 0x00000000c7e00000|100%|HS|  |TAMS 0x00000000c7d00000| PB 0x00000000c7d00000| Complete 
|  94|0x00000000c7e00000, 0x00000000c7f00000, 0x00000000c7f00000|100%| O|  |TAMS 0x00000000c7e00000| PB 0x00000000c7e00000| Untracked 
|  95|0x00000000c7f00000, 0x00000000c8000000, 0x00000000c8000000|100%| O|  |TAMS 0x00000000c7f00000| PB 0x00000000c7f00000| Untracked 
|  96|0x00000000c8000000, 0x00000000c8100000, 0x00000000c8100000|100%| O|  |TAMS 0x00000000c8000000| PB 0x00000000c8000000| Untracked 
|  97|0x00000000c8100000, 0x00000000c8200000, 0x00000000c8200000|100%|HS|  |TAMS 0x00000000c8100000| PB 0x00000000c8100000| Complete 
|  98|0x00000000c8200000, 0x00000000c8300000, 0x00000000c8300000|100%|HC|  |TAMS 0x00000000c8200000| PB 0x00000000c8200000| Complete 
|  99|0x00000000c8300000, 0x00000000c8400000, 0x00000000c8400000|100%|HS|  |TAMS 0x00000000c8300000| PB 0x00000000c8300000| Complete 
| 100|0x00000000c8400000, 0x00000000c8500000, 0x00000000c8500000|100%| O|  |TAMS 0x00000000c8400000| PB 0x00000000c8400000| Untracked 
| 101|0x00000000c8500000, 0x00000000c8600000, 0x00000000c8600000|100%| O|  |TAMS 0x00000000c8500000| PB 0x00000000c8500000| Untracked 
| 102|0x00000000c8600000, 0x00000000c8700000, 0x00000000c8700000|100%|HS|  |TAMS 0x00000000c8600000| PB 0x00000000c8600000| Complete 
| 103|0x00000000c8700000, 0x00000000c8800000, 0x00000000c8800000|100%| O|  |TAMS 0x00000000c8700000| PB 0x00000000c8700000| Untracked 
| 104|0x00000000c8800000, 0x00000000c8900000, 0x00000000c8900000|100%|HS|  |TAMS 0x00000000c8800000| PB 0x00000000c8800000| Complete 
| 105|0x00000000c8900000, 0x00000000c8a00000, 0x00000000c8a00000|100%|HS|  |TAMS 0x00000000c8900000| PB 0x00000000c8900000| Complete 
| 106|0x00000000c8a00000, 0x00000000c8b00000, 0x00000000c8b00000|100%|HS|  |TAMS 0x00000000c8a00000| PB 0x00000000c8a00000| Complete 
| 107|0x00000000c8b00000, 0x00000000c8c00000, 0x00000000c8c00000|100%|HS|  |TAMS 0x00000000c8b00000| PB 0x00000000c8b00000| Complete 
| 108|0x00000000c8c00000, 0x00000000c8d00000, 0x00000000c8d00000|100%|HS|  |TAMS 0x00000000c8c00000| PB 0x00000000c8c00000| Complete 
| 109|0x00000000c8d00000, 0x00000000c8e00000, 0x00000000c8e00000|100%|HS|  |TAMS 0x00000000c8d00000| PB 0x00000000c8d00000| Complete 
| 110|0x00000000c8e00000, 0x00000000c8f00000, 0x00000000c8f00000|100%|HS|  |TAMS 0x00000000c8e00000| PB 0x00000000c8e00000| Complete 
| 111|0x00000000c8f00000, 0x00000000c9000000, 0x00000000c9000000|100%|HS|  |TAMS 0x00000000c8f00000| PB 0x00000000c8f00000| Complete 
| 112|0x00000000c9000000, 0x00000000c9100000, 0x00000000c9100000|100%|HC|  |TAMS 0x00000000c9000000| PB 0x00000000c9000000| Complete 
| 113|0x00000000c9100000, 0x00000000c9200000, 0x00000000c9200000|100%|HS|  |TAMS 0x00000000c9100000| PB 0x00000000c9100000| Complete 
| 114|0x00000000c9200000, 0x00000000c9300000, 0x00000000c9300000|100%| O|  |TAMS 0x00000000c9200000| PB 0x00000000c9200000| Untracked 
| 115|0x00000000c9300000, 0x00000000c9400000, 0x00000000c9400000|100%|HS|  |TAMS 0x00000000c9300000| PB 0x00000000c9300000| Complete 
| 116|0x00000000c9400000, 0x00000000c9500000, 0x00000000c9500000|100%| O|  |TAMS 0x00000000c9400000| PB 0x00000000c9400000| Untracked 
| 117|0x00000000c9500000, 0x00000000c9600000, 0x00000000c9600000|100%| O|  |TAMS 0x00000000c9500000| PB 0x00000000c9500000| Untracked 
| 118|0x00000000c9600000, 0x00000000c9700000, 0x00000000c9700000|100%| O|  |TAMS 0x00000000c9600000| PB 0x00000000c9600000| Untracked 
| 119|0x00000000c9700000, 0x00000000c9800000, 0x00000000c9800000|100%|HS|  |TAMS 0x00000000c9700000| PB 0x00000000c9700000| Complete 
| 120|0x00000000c9800000, 0x00000000c9900000, 0x00000000c9900000|100%|HC|  |TAMS 0x00000000c9800000| PB 0x00000000c9800000| Complete 
| 121|0x00000000c9900000, 0x00000000c9a00000, 0x00000000c9a00000|100%| O|  |TAMS 0x00000000c9900000| PB 0x00000000c9900000| Untracked 
| 122|0x00000000c9a00000, 0x00000000c9b00000, 0x00000000c9b00000|100%|HS|  |TAMS 0x00000000c9a00000| PB 0x00000000c9a00000| Complete 
| 123|0x00000000c9b00000, 0x00000000c9c00000, 0x00000000c9c00000|100%|HC|  |TAMS 0x00000000c9b00000| PB 0x00000000c9b00000| Complete 
| 124|0x00000000c9c00000, 0x00000000c9d00000, 0x00000000c9d00000|100%|HS|  |TAMS 0x00000000c9c00000| PB 0x00000000c9c00000| Complete 
| 125|0x00000000c9d00000, 0x00000000c9e00000, 0x00000000c9e00000|100%|HS|  |TAMS 0x00000000c9d00000| PB 0x00000000c9d00000| Complete 
| 126|0x00000000c9e00000, 0x00000000c9f00000, 0x00000000c9f00000|100%| O|  |TAMS 0x00000000c9e00000| PB 0x00000000c9e00000| Untracked 
| 127|0x00000000c9f00000, 0x00000000ca000000, 0x00000000ca000000|100%| O|  |TAMS 0x00000000c9f00000| PB 0x00000000c9f00000| Untracked 
| 128|0x00000000ca000000, 0x00000000ca100000, 0x00000000ca100000|100%| O|  |TAMS 0x00000000ca000000| PB 0x00000000ca000000| Untracked 
| 129|0x00000000ca100000, 0x00000000ca200000, 0x00000000ca200000|100%|HS|  |TAMS 0x00000000ca100000| PB 0x00000000ca100000| Complete 
| 130|0x00000000ca200000, 0x00000000ca300000, 0x00000000ca300000|100%|HC|  |TAMS 0x00000000ca200000| PB 0x00000000ca200000| Complete 
| 131|0x00000000ca300000, 0x00000000ca400000, 0x00000000ca400000|100%|HS|  |TAMS 0x00000000ca300000| PB 0x00000000ca300000| Complete 
| 132|0x00000000ca400000, 0x00000000ca500000, 0x00000000ca500000|100%|HC|  |TAMS 0x00000000ca400000| PB 0x00000000ca400000| Complete 
| 133|0x00000000ca500000, 0x00000000ca600000, 0x00000000ca600000|100%| O|  |TAMS 0x00000000ca500000| PB 0x00000000ca500000| Untracked 
| 134|0x00000000ca600000, 0x00000000ca700000, 0x00000000ca700000|100%| O|  |TAMS 0x00000000ca600000| PB 0x00000000ca600000| Untracked 
| 135|0x00000000ca700000, 0x00000000ca800000, 0x00000000ca800000|100%|HS|  |TAMS 0x00000000ca700000| PB 0x00000000ca700000| Complete 
| 136|0x00000000ca800000, 0x00000000ca900000, 0x00000000ca900000|100%| O|  |TAMS 0x00000000ca800000| PB 0x00000000ca800000| Untracked 
| 137|0x00000000ca900000, 0x00000000caa00000, 0x00000000caa00000|100%| O|  |TAMS 0x00000000ca900000| PB 0x00000000ca900000| Untracked 
| 138|0x00000000caa00000, 0x00000000cab00000, 0x00000000cab00000|100%| O|  |TAMS 0x00000000caa00000| PB 0x00000000caa00000| Untracked 
| 139|0x00000000cab00000, 0x00000000cac00000, 0x00000000cac00000|100%|HS|  |TAMS 0x00000000cab00000| PB 0x00000000cab00000| Complete 
| 140|0x00000000cac00000, 0x00000000cad00000, 0x00000000cad00000|100%|HC|  |TAMS 0x00000000cac00000| PB 0x00000000cac00000| Complete 
| 141|0x00000000cad00000, 0x00000000cae00000, 0x00000000cae00000|100%| O|  |TAMS 0x00000000cad00000| PB 0x00000000cad00000| Untracked 
| 142|0x00000000cae00000, 0x00000000caf00000, 0x00000000caf00000|100%| O|  |TAMS 0x00000000cae00000| PB 0x00000000cae00000| Untracked 
| 143|0x00000000caf00000, 0x00000000cb000000, 0x00000000cb000000|100%|HS|  |TAMS 0x00000000caf00000| PB 0x00000000caf00000| Complete 
| 144|0x00000000cb000000, 0x00000000cb100000, 0x00000000cb100000|100%| O|  |TAMS 0x00000000cb000000| PB 0x00000000cb000000| Untracked 
| 145|0x00000000cb100000, 0x00000000cb200000, 0x00000000cb200000|100%| O|  |TAMS 0x00000000cb100000| PB 0x00000000cb100000| Untracked 
| 146|0x00000000cb200000, 0x00000000cb300000, 0x00000000cb300000|100%| O|  |TAMS 0x00000000cb200000| PB 0x00000000cb200000| Untracked 
| 147|0x00000000cb300000, 0x00000000cb400000, 0x00000000cb400000|100%| O|  |TAMS 0x00000000cb300000| PB 0x00000000cb300000| Untracked 
| 148|0x00000000cb400000, 0x00000000cb500000, 0x00000000cb500000|100%| O|  |TAMS 0x00000000cb400000| PB 0x00000000cb400000| Untracked 
| 149|0x00000000cb500000, 0x00000000cb600000, 0x00000000cb600000|100%| O|  |TAMS 0x00000000cb500000| PB 0x00000000cb500000| Untracked 
| 150|0x00000000cb600000, 0x00000000cb700000, 0x00000000cb700000|100%| O|  |TAMS 0x00000000cb600000| PB 0x00000000cb600000| Untracked 
| 151|0x00000000cb700000, 0x00000000cb800000, 0x00000000cb800000|100%| O|  |TAMS 0x00000000cb700000| PB 0x00000000cb700000| Untracked 
| 152|0x00000000cb800000, 0x00000000cb900000, 0x00000000cb900000|100%| O|  |TAMS 0x00000000cb800000| PB 0x00000000cb800000| Untracked 
| 153|0x00000000cb900000, 0x00000000cba00000, 0x00000000cba00000|100%| O|  |TAMS 0x00000000cb900000| PB 0x00000000cb900000| Untracked 
| 154|0x00000000cba00000, 0x00000000cbb00000, 0x00000000cbb00000|100%| O|  |TAMS 0x00000000cba00000| PB 0x00000000cba00000| Untracked 
| 155|0x00000000cbb00000, 0x00000000cbc00000, 0x00000000cbc00000|100%| O|  |TAMS 0x00000000cbb00000| PB 0x00000000cbb00000| Untracked 
| 156|0x00000000cbc00000, 0x00000000cbd00000, 0x00000000cbd00000|100%| O|  |TAMS 0x00000000cbc00000| PB 0x00000000cbc00000| Untracked 
| 157|0x00000000cbd00000, 0x00000000cbe00000, 0x00000000cbe00000|100%| O|  |TAMS 0x00000000cbd00000| PB 0x00000000cbd00000| Untracked 
| 158|0x00000000cbe00000, 0x00000000cbf00000, 0x00000000cbf00000|100%| O|  |TAMS 0x00000000cbe00000| PB 0x00000000cbe00000| Untracked 
| 159|0x00000000cbf00000, 0x00000000cc000000, 0x00000000cc000000|100%| O|  |TAMS 0x00000000cbf00000| PB 0x00000000cbf00000| Untracked 
| 160|0x00000000cc000000, 0x00000000cc100000, 0x00000000cc100000|100%| O|  |TAMS 0x00000000cc000000| PB 0x00000000cc000000| Untracked 
| 161|0x00000000cc100000, 0x00000000cc200000, 0x00000000cc200000|100%| O|  |TAMS 0x00000000cc100000| PB 0x00000000cc100000| Untracked 
| 162|0x00000000cc200000, 0x00000000cc300000, 0x00000000cc300000|100%| O|  |TAMS 0x00000000cc200000| PB 0x00000000cc200000| Untracked 
| 163|0x00000000cc300000, 0x00000000cc400000, 0x00000000cc400000|100%| O|  |TAMS 0x00000000cc300000| PB 0x00000000cc300000| Untracked 
| 164|0x00000000cc400000, 0x00000000cc500000, 0x00000000cc500000|100%| O|  |TAMS 0x00000000cc400000| PB 0x00000000cc400000| Untracked 
| 165|0x00000000cc500000, 0x00000000cc600000, 0x00000000cc600000|100%| O|  |TAMS 0x00000000cc500000| PB 0x00000000cc500000| Untracked 
| 166|0x00000000cc600000, 0x00000000cc700000, 0x00000000cc700000|100%| O|  |TAMS 0x00000000cc600000| PB 0x00000000cc600000| Untracked 
| 167|0x00000000cc700000, 0x00000000cc800000, 0x00000000cc800000|100%| O|  |TAMS 0x00000000cc700000| PB 0x00000000cc700000| Untracked 
| 168|0x00000000cc800000, 0x00000000cc900000, 0x00000000cc900000|100%| O|  |TAMS 0x00000000cc800000| PB 0x00000000cc800000| Untracked 
| 169|0x00000000cc900000, 0x00000000cca00000, 0x00000000cca00000|100%| O|  |TAMS 0x00000000cc900000| PB 0x00000000cc900000| Untracked 
| 170|0x00000000cca00000, 0x00000000ccb00000, 0x00000000ccb00000|100%| O|  |TAMS 0x00000000cca00000| PB 0x00000000cca00000| Untracked 
| 171|0x00000000ccb00000, 0x00000000ccc00000, 0x00000000ccc00000|100%| O|  |TAMS 0x00000000ccb00000| PB 0x00000000ccb00000| Untracked 
| 172|0x00000000ccc00000, 0x00000000ccd00000, 0x00000000ccd00000|100%| O|  |TAMS 0x00000000ccc00000| PB 0x00000000ccc00000| Untracked 
| 173|0x00000000ccd00000, 0x00000000cce00000, 0x00000000cce00000|100%| O|  |TAMS 0x00000000ccd00000| PB 0x00000000ccd00000| Untracked 
| 174|0x00000000cce00000, 0x00000000ccf00000, 0x00000000ccf00000|100%| O|  |TAMS 0x00000000cce00000| PB 0x00000000cce00000| Untracked 
| 175|0x00000000ccf00000, 0x00000000cd000000, 0x00000000cd000000|100%| O|  |TAMS 0x00000000ccf00000| PB 0x00000000ccf00000| Untracked 
| 176|0x00000000cd000000, 0x00000000cd100000, 0x00000000cd100000|100%| O|  |TAMS 0x00000000cd000000| PB 0x00000000cd000000| Untracked 
| 177|0x00000000cd100000, 0x00000000cd1a2a68, 0x00000000cd200000| 63%| O|  |TAMS 0x00000000cd100000| PB 0x00000000cd100000| Untracked 
| 178|0x00000000cd200000, 0x00000000cd200000, 0x00000000cd300000|  0%| F|  |TAMS 0x00000000cd200000| PB 0x00000000cd200000| Untracked 
| 179|0x00000000cd300000, 0x00000000cd300000, 0x00000000cd400000|  0%| F|  |TAMS 0x00000000cd300000| PB 0x00000000cd300000| Untracked 
| 180|0x00000000cd400000, 0x00000000cd400000, 0x00000000cd500000|  0%| F|  |TAMS 0x00000000cd400000| PB 0x00000000cd400000| Untracked 
| 181|0x00000000cd500000, 0x00000000cd500000, 0x00000000cd600000|  0%| F|  |TAMS 0x00000000cd500000| PB 0x00000000cd500000| Untracked 
| 182|0x00000000cd600000, 0x00000000cd600000, 0x00000000cd700000|  0%| F|  |TAMS 0x00000000cd600000| PB 0x00000000cd600000| Untracked 
| 183|0x00000000cd700000, 0x00000000cd700000, 0x00000000cd800000|  0%| F|  |TAMS 0x00000000cd700000| PB 0x00000000cd700000| Untracked 
| 184|0x00000000cd800000, 0x00000000cd800000, 0x00000000cd900000|  0%| F|  |TAMS 0x00000000cd800000| PB 0x00000000cd800000| Untracked 
| 185|0x00000000cd900000, 0x00000000cd900000, 0x00000000cda00000|  0%| F|  |TAMS 0x00000000cd900000| PB 0x00000000cd900000| Untracked 
| 186|0x00000000cda00000, 0x00000000cda00000, 0x00000000cdb00000|  0%| F|  |TAMS 0x00000000cda00000| PB 0x00000000cda00000| Untracked 
| 187|0x00000000cdb00000, 0x00000000cdb00000, 0x00000000cdc00000|  0%| F|  |TAMS 0x00000000cdb00000| PB 0x00000000cdb00000| Untracked 
| 188|0x00000000cdc00000, 0x00000000cdc00000, 0x00000000cdd00000|  0%| F|  |TAMS 0x00000000cdc00000| PB 0x00000000cdc00000| Untracked 
| 189|0x00000000cdd00000, 0x00000000cdd00000, 0x00000000cde00000|  0%| F|  |TAMS 0x00000000cdd00000| PB 0x00000000cdd00000| Untracked 
| 190|0x00000000cde00000, 0x00000000cde00000, 0x00000000cdf00000|  0%| F|  |TAMS 0x00000000cde00000| PB 0x00000000cde00000| Untracked 
| 191|0x00000000cdf00000, 0x00000000cdf00000, 0x00000000ce000000|  0%| F|  |TAMS 0x00000000cdf00000| PB 0x00000000cdf00000| Untracked 
| 192|0x00000000ce000000, 0x00000000ce000000, 0x00000000ce100000|  0%| F|  |TAMS 0x00000000ce000000| PB 0x00000000ce000000| Untracked 
| 193|0x00000000ce100000, 0x00000000ce100000, 0x00000000ce200000|  0%| F|  |TAMS 0x00000000ce100000| PB 0x00000000ce100000| Untracked 
| 194|0x00000000ce200000, 0x00000000ce200000, 0x00000000ce300000|  0%| F|  |TAMS 0x00000000ce200000| PB 0x00000000ce200000| Untracked 
| 195|0x00000000ce300000, 0x00000000ce300000, 0x00000000ce400000|  0%| F|  |TAMS 0x00000000ce300000| PB 0x00000000ce300000| Untracked 
| 196|0x00000000ce400000, 0x00000000ce400000, 0x00000000ce500000|  0%| F|  |TAMS 0x00000000ce400000| PB 0x00000000ce400000| Untracked 
| 197|0x00000000ce500000, 0x00000000ce500000, 0x00000000ce600000|  0%| F|  |TAMS 0x00000000ce500000| PB 0x00000000ce500000| Untracked 
| 198|0x00000000ce600000, 0x00000000ce600000, 0x00000000ce700000|  0%| F|  |TAMS 0x00000000ce600000| PB 0x00000000ce600000| Untracked 
| 199|0x00000000ce700000, 0x00000000ce700000, 0x00000000ce800000|  0%| F|  |TAMS 0x00000000ce700000| PB 0x00000000ce700000| Untracked 
| 200|0x00000000ce800000, 0x00000000ce800000, 0x00000000ce900000|  0%| F|  |TAMS 0x00000000ce800000| PB 0x00000000ce800000| Untracked 
| 201|0x00000000ce900000, 0x00000000ce900000, 0x00000000cea00000|  0%| F|  |TAMS 0x00000000ce900000| PB 0x00000000ce900000| Untracked 
| 202|0x00000000cea00000, 0x00000000cea00000, 0x00000000ceb00000|  0%| F|  |TAMS 0x00000000cea00000| PB 0x00000000cea00000| Untracked 
| 203|0x00000000ceb00000, 0x00000000ceb00000, 0x00000000cec00000|  0%| F|  |TAMS 0x00000000ceb00000| PB 0x00000000ceb00000| Untracked 
| 204|0x00000000cec00000, 0x00000000cec00000, 0x00000000ced00000|  0%| F|  |TAMS 0x00000000cec00000| PB 0x00000000cec00000| Untracked 
| 205|0x00000000ced00000, 0x00000000ced00000, 0x00000000cee00000|  0%| F|  |TAMS 0x00000000ced00000| PB 0x00000000ced00000| Untracked 
| 206|0x00000000cee00000, 0x00000000cee00000, 0x00000000cef00000|  0%| F|  |TAMS 0x00000000cee00000| PB 0x00000000cee00000| Untracked 
| 207|0x00000000cef00000, 0x00000000cef00000, 0x00000000cf000000|  0%| F|  |TAMS 0x00000000cef00000| PB 0x00000000cef00000| Untracked 
| 208|0x00000000cf000000, 0x00000000cf000000, 0x00000000cf100000|  0%| F|  |TAMS 0x00000000cf000000| PB 0x00000000cf000000| Untracked 
| 209|0x00000000cf100000, 0x00000000cf100000, 0x00000000cf200000|  0%| F|  |TAMS 0x00000000cf100000| PB 0x00000000cf100000| Untracked 
| 210|0x00000000cf200000, 0x00000000cf200000, 0x00000000cf300000|  0%| F|  |TAMS 0x00000000cf200000| PB 0x00000000cf200000| Untracked 
| 211|0x00000000cf300000, 0x00000000cf300000, 0x00000000cf400000|  0%| F|  |TAMS 0x00000000cf300000| PB 0x00000000cf300000| Untracked 
| 212|0x00000000cf400000, 0x00000000cf400000, 0x00000000cf500000|  0%| F|  |TAMS 0x00000000cf400000| PB 0x00000000cf400000| Untracked 
| 213|0x00000000cf500000, 0x00000000cf500000, 0x00000000cf600000|  0%| F|  |TAMS 0x00000000cf500000| PB 0x00000000cf500000| Untracked 
| 214|0x00000000cf600000, 0x00000000cf600000, 0x00000000cf700000|  0%| F|  |TAMS 0x00000000cf600000| PB 0x00000000cf600000| Untracked 
| 215|0x00000000cf700000, 0x00000000cf700000, 0x00000000cf800000|  0%| F|  |TAMS 0x00000000cf700000| PB 0x00000000cf700000| Untracked 
| 216|0x00000000cf800000, 0x00000000cf800000, 0x00000000cf900000|  0%| F|  |TAMS 0x00000000cf800000| PB 0x00000000cf800000| Untracked 
| 217|0x00000000cf900000, 0x00000000cf900000, 0x00000000cfa00000|  0%| F|  |TAMS 0x00000000cf900000| PB 0x00000000cf900000| Untracked 
| 218|0x00000000cfa00000, 0x00000000cfa00000, 0x00000000cfb00000|  0%| F|  |TAMS 0x00000000cfa00000| PB 0x00000000cfa00000| Untracked 
| 219|0x00000000cfb00000, 0x00000000cfb00000, 0x00000000cfc00000|  0%| F|  |TAMS 0x00000000cfb00000| PB 0x00000000cfb00000| Untracked 
| 220|0x00000000cfc00000, 0x00000000cfc00000, 0x00000000cfd00000|  0%| F|  |TAMS 0x00000000cfc00000| PB 0x00000000cfc00000| Untracked 
| 221|0x00000000cfd00000, 0x00000000cfd00000, 0x00000000cfe00000|  0%| F|  |TAMS 0x00000000cfd00000| PB 0x00000000cfd00000| Untracked 
| 222|0x00000000cfe00000, 0x00000000cfe00000, 0x00000000cff00000|  0%| F|  |TAMS 0x00000000cfe00000| PB 0x00000000cfe00000| Untracked 
| 223|0x00000000cff00000, 0x00000000cff00000, 0x00000000d0000000|  0%| F|  |TAMS 0x00000000cff00000| PB 0x00000000cff00000| Untracked 
| 224|0x00000000d0000000, 0x00000000d0000000, 0x00000000d0100000|  0%| F|  |TAMS 0x00000000d0000000| PB 0x00000000d0000000| Untracked 
| 225|0x00000000d0100000, 0x00000000d0100000, 0x00000000d0200000|  0%| F|  |TAMS 0x00000000d0100000| PB 0x00000000d0100000| Untracked 
| 226|0x00000000d0200000, 0x00000000d0200000, 0x00000000d0300000|  0%| F|  |TAMS 0x00000000d0200000| PB 0x00000000d0200000| Untracked 
| 227|0x00000000d0300000, 0x00000000d0300000, 0x00000000d0400000|  0%| F|  |TAMS 0x00000000d0300000| PB 0x00000000d0300000| Untracked 
| 228|0x00000000d0400000, 0x00000000d0400000, 0x00000000d0500000|  0%| F|  |TAMS 0x00000000d0400000| PB 0x00000000d0400000| Untracked 
| 229|0x00000000d0500000, 0x00000000d0500000, 0x00000000d0600000|  0%| F|  |TAMS 0x00000000d0500000| PB 0x00000000d0500000| Untracked 
| 230|0x00000000d0600000, 0x00000000d0600000, 0x00000000d0700000|  0%| F|  |TAMS 0x00000000d0600000| PB 0x00000000d0600000| Untracked 
| 231|0x00000000d0700000, 0x00000000d0700000, 0x00000000d0800000|  0%| F|  |TAMS 0x00000000d0700000| PB 0x00000000d0700000| Untracked 
| 232|0x00000000d0800000, 0x00000000d0800000, 0x00000000d0900000|  0%| F|  |TAMS 0x00000000d0800000| PB 0x00000000d0800000| Untracked 
| 233|0x00000000d0900000, 0x00000000d0900000, 0x00000000d0a00000|  0%| F|  |TAMS 0x00000000d0900000| PB 0x00000000d0900000| Untracked 
| 234|0x00000000d0a00000, 0x00000000d0a00000, 0x00000000d0b00000|  0%| F|  |TAMS 0x00000000d0a00000| PB 0x00000000d0a00000| Untracked 
| 235|0x00000000d0b00000, 0x00000000d0b00000, 0x00000000d0c00000|  0%| F|  |TAMS 0x00000000d0b00000| PB 0x00000000d0b00000| Untracked 
| 236|0x00000000d0c00000, 0x00000000d0c00000, 0x00000000d0d00000|  0%| F|  |TAMS 0x00000000d0c00000| PB 0x00000000d0c00000| Untracked 
| 237|0x00000000d0d00000, 0x00000000d0d00000, 0x00000000d0e00000|  0%| F|  |TAMS 0x00000000d0d00000| PB 0x00000000d0d00000| Untracked 
| 238|0x00000000d0e00000, 0x00000000d0e00000, 0x00000000d0f00000|  0%| F|  |TAMS 0x00000000d0e00000| PB 0x00000000d0e00000| Untracked 
| 239|0x00000000d0f00000, 0x00000000d0f00000, 0x00000000d1000000|  0%| F|  |TAMS 0x00000000d0f00000| PB 0x00000000d0f00000| Untracked 
| 240|0x00000000d1000000, 0x00000000d1000000, 0x00000000d1100000|  0%| F|  |TAMS 0x00000000d1000000| PB 0x00000000d1000000| Untracked 
| 241|0x00000000d1100000, 0x00000000d1100000, 0x00000000d1200000|  0%| F|  |TAMS 0x00000000d1100000| PB 0x00000000d1100000| Untracked 
| 242|0x00000000d1200000, 0x00000000d1200000, 0x00000000d1300000|  0%| F|  |TAMS 0x00000000d1200000| PB 0x00000000d1200000| Untracked 
| 243|0x00000000d1300000, 0x00000000d1300000, 0x00000000d1400000|  0%| F|  |TAMS 0x00000000d1300000| PB 0x00000000d1300000| Untracked 
| 244|0x00000000d1400000, 0x00000000d1400000, 0x00000000d1500000|  0%| F|  |TAMS 0x00000000d1400000| PB 0x00000000d1400000| Untracked 
| 245|0x00000000d1500000, 0x00000000d1500000, 0x00000000d1600000|  0%| F|  |TAMS 0x00000000d1500000| PB 0x00000000d1500000| Untracked 
| 246|0x00000000d1600000, 0x00000000d1600000, 0x00000000d1700000|  0%| F|  |TAMS 0x00000000d1600000| PB 0x00000000d1600000| Untracked 
| 247|0x00000000d1700000, 0x00000000d1700000, 0x00000000d1800000|  0%| F|  |TAMS 0x00000000d1700000| PB 0x00000000d1700000| Untracked 
| 248|0x00000000d1800000, 0x00000000d1800000, 0x00000000d1900000|  0%| F|  |TAMS 0x00000000d1800000| PB 0x00000000d1800000| Untracked 
| 249|0x00000000d1900000, 0x00000000d1900000, 0x00000000d1a00000|  0%| F|  |TAMS 0x00000000d1900000| PB 0x00000000d1900000| Untracked 
| 250|0x00000000d1a00000, 0x00000000d1a00000, 0x00000000d1b00000|  0%| F|  |TAMS 0x00000000d1a00000| PB 0x00000000d1a00000| Untracked 
| 251|0x00000000d1b00000, 0x00000000d1b00000, 0x00000000d1c00000|  0%| F|  |TAMS 0x00000000d1b00000| PB 0x00000000d1b00000| Untracked 
| 252|0x00000000d1c00000, 0x00000000d1c00000, 0x00000000d1d00000|  0%| F|  |TAMS 0x00000000d1c00000| PB 0x00000000d1c00000| Untracked 
| 253|0x00000000d1d00000, 0x00000000d1d00000, 0x00000000d1e00000|  0%| F|  |TAMS 0x00000000d1d00000| PB 0x00000000d1d00000| Untracked 
| 254|0x00000000d1e00000, 0x00000000d1e00000, 0x00000000d1f00000|  0%| F|  |TAMS 0x00000000d1e00000| PB 0x00000000d1e00000| Untracked 
| 255|0x00000000d1f00000, 0x00000000d1f00000, 0x00000000d2000000|  0%| F|  |TAMS 0x00000000d1f00000| PB 0x00000000d1f00000| Untracked 
| 256|0x00000000d2000000, 0x00000000d2000000, 0x00000000d2100000|  0%| F|  |TAMS 0x00000000d2000000| PB 0x00000000d2000000| Untracked 
| 257|0x00000000d2100000, 0x00000000d2100000, 0x00000000d2200000|  0%| F|  |TAMS 0x00000000d2100000| PB 0x00000000d2100000| Untracked 
| 258|0x00000000d2200000, 0x00000000d2200000, 0x00000000d2300000|  0%| F|  |TAMS 0x00000000d2200000| PB 0x00000000d2200000| Untracked 
| 259|0x00000000d2300000, 0x00000000d2300000, 0x00000000d2400000|  0%| F|  |TAMS 0x00000000d2300000| PB 0x00000000d2300000| Untracked 
| 260|0x00000000d2400000, 0x00000000d2400000, 0x00000000d2500000|  0%| F|  |TAMS 0x00000000d2400000| PB 0x00000000d2400000| Untracked 
| 261|0x00000000d2500000, 0x00000000d2500000, 0x00000000d2600000|  0%| F|  |TAMS 0x00000000d2500000| PB 0x00000000d2500000| Untracked 
| 262|0x00000000d2600000, 0x00000000d2600000, 0x00000000d2700000|  0%| F|  |TAMS 0x00000000d2600000| PB 0x00000000d2600000| Untracked 
| 263|0x00000000d2700000, 0x00000000d2700000, 0x00000000d2800000|  0%| F|  |TAMS 0x00000000d2700000| PB 0x00000000d2700000| Untracked 
| 264|0x00000000d2800000, 0x00000000d2800000, 0x00000000d2900000|  0%| F|  |TAMS 0x00000000d2800000| PB 0x00000000d2800000| Untracked 
| 265|0x00000000d2900000, 0x00000000d2900000, 0x00000000d2a00000|  0%| F|  |TAMS 0x00000000d2900000| PB 0x00000000d2900000| Untracked 
| 266|0x00000000d2a00000, 0x00000000d2a00000, 0x00000000d2b00000|  0%| F|  |TAMS 0x00000000d2a00000| PB 0x00000000d2a00000| Untracked 
| 267|0x00000000d2b00000, 0x00000000d2b00000, 0x00000000d2c00000|  0%| F|  |TAMS 0x00000000d2b00000| PB 0x00000000d2b00000| Untracked 
| 268|0x00000000d2c00000, 0x00000000d2c00000, 0x00000000d2d00000|  0%| F|  |TAMS 0x00000000d2c00000| PB 0x00000000d2c00000| Untracked 
| 269|0x00000000d2d00000, 0x00000000d2d00000, 0x00000000d2e00000|  0%| F|  |TAMS 0x00000000d2d00000| PB 0x00000000d2d00000| Untracked 
| 270|0x00000000d2e00000, 0x00000000d2e00000, 0x00000000d2f00000|  0%| F|  |TAMS 0x00000000d2e00000| PB 0x00000000d2e00000| Untracked 
| 271|0x00000000d2f00000, 0x00000000d2f00000, 0x00000000d3000000|  0%| F|  |TAMS 0x00000000d2f00000| PB 0x00000000d2f00000| Untracked 
| 272|0x00000000d3000000, 0x00000000d3000000, 0x00000000d3100000|  0%| F|  |TAMS 0x00000000d3000000| PB 0x00000000d3000000| Untracked 
| 273|0x00000000d3100000, 0x00000000d3100000, 0x00000000d3200000|  0%| F|  |TAMS 0x00000000d3100000| PB 0x00000000d3100000| Untracked 
| 274|0x00000000d3200000, 0x00000000d3200000, 0x00000000d3300000|  0%| F|  |TAMS 0x00000000d3200000| PB 0x00000000d3200000| Untracked 
| 275|0x00000000d3300000, 0x00000000d3300000, 0x00000000d3400000|  0%| F|  |TAMS 0x00000000d3300000| PB 0x00000000d3300000| Untracked 
| 276|0x00000000d3400000, 0x00000000d3400000, 0x00000000d3500000|  0%| F|  |TAMS 0x00000000d3400000| PB 0x00000000d3400000| Untracked 
| 277|0x00000000d3500000, 0x00000000d3500000, 0x00000000d3600000|  0%| F|  |TAMS 0x00000000d3500000| PB 0x00000000d3500000| Untracked 
| 278|0x00000000d3600000, 0x00000000d3600000, 0x00000000d3700000|  0%| F|  |TAMS 0x00000000d3600000| PB 0x00000000d3600000| Untracked 
| 279|0x00000000d3700000, 0x00000000d3700000, 0x00000000d3800000|  0%| F|  |TAMS 0x00000000d3700000| PB 0x00000000d3700000| Untracked 
| 280|0x00000000d3800000, 0x00000000d3800000, 0x00000000d3900000|  0%| F|  |TAMS 0x00000000d3800000| PB 0x00000000d3800000| Untracked 
| 281|0x00000000d3900000, 0x00000000d3900000, 0x00000000d3a00000|  0%| F|  |TAMS 0x00000000d3900000| PB 0x00000000d3900000| Untracked 
| 282|0x00000000d3a00000, 0x00000000d3a00000, 0x00000000d3b00000|  0%| F|  |TAMS 0x00000000d3a00000| PB 0x00000000d3a00000| Untracked 
| 283|0x00000000d3b00000, 0x00000000d3b00000, 0x00000000d3c00000|  0%| F|  |TAMS 0x00000000d3b00000| PB 0x00000000d3b00000| Untracked 
| 284|0x00000000d3c00000, 0x00000000d3c00000, 0x00000000d3d00000|  0%| F|  |TAMS 0x00000000d3c00000| PB 0x00000000d3c00000| Untracked 
| 285|0x00000000d3d00000, 0x00000000d3d00000, 0x00000000d3e00000|  0%| F|  |TAMS 0x00000000d3d00000| PB 0x00000000d3d00000| Untracked 
| 286|0x00000000d3e00000, 0x00000000d3e8c128, 0x00000000d3f00000| 54%| S|CS|TAMS 0x00000000d3e00000| PB 0x00000000d3e00000| Complete 
| 287|0x00000000d3f00000, 0x00000000d4000000, 0x00000000d4000000|100%| S|CS|TAMS 0x00000000d3f00000| PB 0x00000000d3f00000| Complete 
| 288|0x00000000d4000000, 0x00000000d4000000, 0x00000000d4100000|  0%| F|  |TAMS 0x00000000d4000000| PB 0x00000000d4000000| Untracked 
| 289|0x00000000d4100000, 0x00000000d4100000, 0x00000000d4200000|  0%| F|  |TAMS 0x00000000d4100000| PB 0x00000000d4100000| Untracked 
| 290|0x00000000d4200000, 0x00000000d4200000, 0x00000000d4300000|  0%| F|  |TAMS 0x00000000d4200000| PB 0x00000000d4200000| Untracked 
| 291|0x00000000d4300000, 0x00000000d4300000, 0x00000000d4400000|  0%| F|  |TAMS 0x00000000d4300000| PB 0x00000000d4300000| Untracked 
| 292|0x00000000d4400000, 0x00000000d4400000, 0x00000000d4500000|  0%| F|  |TAMS 0x00000000d4400000| PB 0x00000000d4400000| Untracked 
| 293|0x00000000d4500000, 0x00000000d4542fc8, 0x00000000d4600000| 26%| E|  |TAMS 0x00000000d4500000| PB 0x00000000d4500000| Complete 
| 294|0x00000000d4600000, 0x00000000d4700000, 0x00000000d4700000|100%| E|CS|TAMS 0x00000000d4600000| PB 0x00000000d4600000| Complete 
| 295|0x00000000d4700000, 0x00000000d4800000, 0x00000000d4800000|100%| E|CS|TAMS 0x00000000d4700000| PB 0x00000000d4700000| Complete 
| 296|0x00000000d4800000, 0x00000000d4900000, 0x00000000d4900000|100%| E|  |TAMS 0x00000000d4800000| PB 0x00000000d4800000| Complete 
| 297|0x00000000d4900000, 0x00000000d4a00000, 0x00000000d4a00000|100%| E|CS|TAMS 0x00000000d4900000| PB 0x00000000d4900000| Complete 
| 986|0x00000000ffa00000, 0x00000000ffb00000, 0x00000000ffb00000|100%| O|  |TAMS 0x00000000ffa00000| PB 0x00000000ffa00000| Untracked 
| 987|0x00000000ffb00000, 0x00000000ffc00000, 0x00000000ffc00000|100%| O|  |TAMS 0x00000000ffb00000| PB 0x00000000ffb00000| Untracked 
| 988|0x00000000ffc00000, 0x00000000ffd00000, 0x00000000ffd00000|100%| O|  |TAMS 0x00000000ffc00000| PB 0x00000000ffc00000| Untracked 
| 989|0x00000000ffd00000, 0x00000000ffe00000, 0x00000000ffe00000|100%| E|CS|TAMS 0x00000000ffd00000| PB 0x00000000ffd00000| Complete 
| 990|0x00000000ffe00000, 0x00000000fff00000, 0x00000000fff00000|100%| E|CS|TAMS 0x00000000ffe00000| PB 0x00000000ffe00000| Complete 
| 991|0x00000000fff00000, 0x0000000100000000, 0x0000000100000000|100%| E|CS|TAMS 0x00000000fff00000| PB 0x00000000fff00000| Complete 

Card table byte_map: [0x00000168cc540000,0x00000168cc730000] _byte_map_base: 0x00000168cbf30000

Marking Bits: (CMBitMap*) 0x00000168b4ef2820
 Bits: [0x00000168cc730000, 0x00000168cd6b0000)

Polling page: 0x00000168b2d10000

Metaspace:

Usage:
  Non-class:     31.94 MB used.
      Class:      4.90 MB used.
       Both:     36.84 MB used.

Virtual space:
  Non-class space:       64.00 MB reserved,      32.06 MB ( 50%) committed,  1 nodes.
      Class space:        1.00 GB reserved,       5.00 MB ( <1%) committed,  1 nodes.
             Both:        1.06 GB reserved,      37.06 MB (  3%) committed. 

Chunk freelists:
   Non-Class:  15.25 MB
       Class:  10.81 MB
        Both:  26.07 MB

MaxMetaspaceSize: unlimited
CompressedClassSpaceSize: 1.00 GB
Initial GC threshold: 21.00 MB
Current GC threshold: 61.81 MB
CDS: on
 - commit_granule_bytes: 65536.
 - commit_granule_words: 8192.
 - virtual_space_node_default_size: 8388608.
 - enlarge_chunks_in_place: 1.
 - use_allocation_guard: 0.


Internal statistics:

num_allocs_failed_limit: 0.
num_arena_births: 314.
num_arena_deaths: 4.
num_vsnodes_births: 2.
num_vsnodes_deaths: 0.
num_space_committed: 593.
num_space_uncommitted: 0.
num_chunks_returned_to_freelist: 6.
num_chunks_taken_from_freelist: 1478.
num_chunk_merges: 0.
num_chunk_splits: 1135.
num_chunks_enlarged: 947.
num_inconsistent_stats: 0.

CodeHeap 'non-profiled nmethods': size=120000Kb used=2225Kb max_used=2229Kb free=117774Kb
 bounds [0x00000168c4e20000, 0x00000168c5090000, 0x00000168cc350000]
CodeHeap 'profiled nmethods': size=120000Kb used=7055Kb max_used=7686Kb free=112944Kb
 bounds [0x00000168bd350000, 0x00000168bdae0000, 0x00000168c4880000]
CodeHeap 'non-nmethods': size=5760Kb used=1563Kb max_used=1619Kb free=4196Kb
 bounds [0x00000168c4880000, 0x00000168c4af0000, 0x00000168c4e20000]
 total_blobs=4650 nmethods=4023 adapters=531
 compilation: enabled
              stopped_count=0, restarted_count=0
 full_count=0

Compilation events (20 events):
Event: 35.398 Thread 0x00000168cfb24cc0 nmethod 4952 0x00000168bd571310 code [0x00000168bd5714a0, 0x00000168bd571598]
Event: 35.399 Thread 0x00000168cfb24cc0 4953       3       org.apache.avro.io.DecoderFactory::binaryDecoder (39 bytes)
Event: 35.399 Thread 0x00000168cfb24cc0 nmethod 4953 0x00000168bd69cf10 code [0x00000168bd69d100, 0x00000168bd69d538]
Event: 35.454 Thread 0x00000168cfb21a70 4954       4       org.apache.avro.util.Utf8::toString (40 bytes)
Event: 35.459 Thread 0x00000168cfb21a70 nmethod 4954 0x00000168c504b790 code [0x00000168c504b940, 0x00000168c504bc48]
Event: 35.459 Thread 0x00000168cfb21a70 4955       4       org.apache.avro.util.Utf8$2::fromUtf8 (14 bytes)
Event: 35.462 Thread 0x00000168cfb21a70 nmethod 4955 0x00000168c504be90 code [0x00000168c504c040, 0x00000168c504c1f0]
Event: 35.504 Thread 0x00000168cfb21a70 4956       4       org.apache.avro.io.BinaryDecoder::doReadBytes (119 bytes)
Event: 35.508 Thread 0x00000168cfb21a70 nmethod 4956 0x00000168c504c410 code [0x00000168c504c5c0, 0x00000168c504c908]
Event: 35.563 Thread 0x00000168cfb21a70 4957       4       org.apache.avro.util.Utf8::hashCode (32 bytes)
Event: 35.564 Thread 0x00000168cfb24cc0 4958       3       org.apache.avro.file.DataFileReader$SeekableInputStream::read (13 bytes)
Event: 35.565 Thread 0x00000168cfb24cc0 nmethod 4958 0x00000168bd3aa290 code [0x00000168bd3aa440, 0x00000168bd3aa618]
Event: 35.568 Thread 0x00000168cfb21a70 nmethod 4957 0x00000168c504cb90 code [0x00000168c504cd20, 0x00000168c504cee8]
Event: 35.776 Thread 0x00000168cfb21a70 4959       4       org.apache.avro.io.BinaryDecoder::doReadItemCount (21 bytes)
Event: 35.781 Thread 0x00000168cfb21a70 nmethod 4959 0x00000168c504cf90 code [0x00000168c504d160, 0x00000168c504d4d0]
Event: 36.032 Thread 0x00000168cfb24cc0 4960       3       org.apache.avro.io.BinaryDecoder$InputStreamByteSource::readRaw (48 bytes)
Event: 36.033 Thread 0x00000168cfb24cc0 nmethod 4960 0x00000168bd4a3b10 code [0x00000168bd4a3ce0, 0x00000168bd4a40a0]
Event: 36.044 Thread 0x00000168cfb24cc0 4961       1       org.apache.avro.io.BinaryDecoder$InputStreamByteSource::isEof (5 bytes)
Event: 36.044 Thread 0x00000168cfb24cc0 nmethod 4961 0x00000168c5035110 code [0x00000168c50352a0, 0x00000168c5035370]
Event: 36.241 Thread 0x00000168cfb21a70 4962       4       io.cdap.directives.parser.ParseAvroFile::add (195 bytes)

GC Heap History (20 events):
Event: 34.288 GC heap before
{Heap before GC invocations=36 (full 0):
 garbage-first heap   total 217088K, used 197557K [0x00000000c2000000, 0x0000000100000000)
  region size 1024K, 48 young (49152K), 3 survivors (3072K)
 Metaspace       used 37703K, committed 37952K, reserved 1114112K
  class space    used 5019K, committed 5120K, reserved 1048576K
}
Event: 34.291 GC heap after
{Heap after GC invocations=37 (full 0):
 garbage-first heap   total 217088K, used 134021K [0x00000000c2000000, 0x0000000100000000)
  region size 1024K, 6 young (6144K), 6 survivors (6144K)
 Metaspace       used 37703K, committed 37952K, reserved 1114112K
  class space    used 5019K, committed 5120K, reserved 1048576K
}
Event: 34.613 GC heap before
{Heap before GC invocations=37 (full 0):
 garbage-first heap   total 217088K, used 201605K [0x00000000c2000000, 0x0000000100000000)
  region size 1024K, 67 young (68608K), 6 survivors (6144K)
 Metaspace       used 37707K, committed 37952K, reserved 1114112K
  class space    used 5019K, committed 5120K, reserved 1048576K
}
Event: 34.617 GC heap after
{Heap after GC invocations=38 (full 0):
 garbage-first heap   total 217088K, used 140888K [0x00000000c2000000, 0x0000000100000000)
  region size 1024K, 9 young (9216K), 9 survivors (9216K)
 Metaspace       used 37707K, committed 37952K, reserved 1114112K
  class space    used 5019K, committed 5120K, reserved 1048576K
}
Event: 34.779 GC heap before
{Heap before GC invocations=38 (full 0):
 garbage-first heap   total 217088K, used 172632K [0x00000000c2000000, 0x0000000100000000)
  region size 1024K, 41 young (41984K), 9 survivors (9216K)
 Metaspace       used 37712K, committed 37952K, reserved 1114112K
  class space    used 5019K, committed 5120K, reserved 1048576K
}
Event: 34.784 GC heap after
{Heap after GC invocations=39 (full 0):
 garbage-first heap   total 217088K, used 144719K [0x00000000c2000000, 0x0000000100000000)
  region size 1024K, 5 young (5120K), 5 survivors (5120K)
 Metaspace       used 37712K, committed 37952K, reserved 1114112K
  class space    used 5019K, committed 5120K, reserved 1048576K
}
Event: 35.174 GC heap before
{Heap before GC invocations=40 (full 0):
 garbage-first heap   total 254976K, used 196943K [0x00000000c2000000, 0x0000000100000000)
  region size 1024K, 54 young (55296K), 5 survivors (5120K)
 Metaspace       used 37719K, committed 37952K, reserved 1114112K
  class space    used 5019K, committed 5120K, reserved 1048576K
}
Event: 35.178 GC heap after
{Heap after GC invocations=41 (full 0):
 garbage-first heap   total 254976K, used 151538K [0x00000000c2000000, 0x0000000100000000)
  region size 1024K, 7 young (7168K), 7 survivors (7168K)
 Metaspace       used 37719K, committed 37952K, reserved 1114112K
  class space    used 5019K, committed 5120K, reserved 1048576K
}
Event: 35.543 GC heap before
{Heap before GC invocations=41 (full 0):
 garbage-first heap   total 254976K, used 220146K [0x00000000c2000000, 0x0000000100000000)
  region size 1024K, 74 young (75776K), 7 survivors (7168K)
 Metaspace       used 37721K, committed 37952K, reserved 1114112K
  class space    used 5019K, committed 5120K, reserved 1048576K
}
Event: 35.548 GC heap after
{Heap after GC invocations=42 (full 0):
 garbage-first heap   total 254976K, used 158340K [0x00000000c2000000, 0x0000000100000000)
  region size 1024K, 9 young (9216K), 9 survivors (9216K)
 Metaspace       used 37721K, committed 37952K, reserved 1114112K
  class space    used 5019K, committed 5120K, reserved 1048576K
}
Event: 35.826 GC heap before
{Heap before GC invocations=42 (full 0):
 garbage-first heap   total 254976K, used 224900K [0x00000000c2000000, 0x0000000100000000)
  region size 1024K, 74 young (75776K), 9 survivors (9216K)
 Metaspace       used 37721K, committed 37952K, reserved 1114112K
  class space    used 5019K, committed 5120K, reserved 1048576K
}
Event: 35.832 GC heap after
{Heap after GC invocations=43 (full 0):
 garbage-first heap   total 254976K, used 166155K [0x00000000c2000000, 0x0000000100000000)
  region size 1024K, 8 young (8192K), 8 survivors (8192K)
 Metaspace       used 37721K, committed 37952K, reserved 1114112K
  class space    used 5019K, committed 5120K, reserved 1048576K
}
Event: 36.213 GC heap before
{Heap before GC invocations=44 (full 0):
 garbage-first heap   total 295936K, used 229643K [0x00000000c2000000, 0x0000000100000000)
  region size 1024K, 70 young (71680K), 8 survivors (8192K)
 Metaspace       used 37722K, committed 37952K, reserved 1114112K
  class space    used 5019K, committed 5120K, reserved 1048576K
}
Event: 36.219 GC heap after
{Heap after GC invocations=45 (full 0):
 garbage-first heap   total 295936K, used 173724K [0x00000000c2000000, 0x0000000100000000)
  region size 1024K, 8 young (8192K), 8 survivors (8192K)
 Metaspace       used 37722K, committed 37952K, reserved 1114112K
  class space    used 5019K, committed 5120K, reserved 1048576K
}
Event: 36.675 GC heap before
{Heap before GC invocations=45 (full 0):
 garbage-first heap   total 295936K, used 261788K [0x00000000c2000000, 0x0000000100000000)
  region size 1024K, 94 young (96256K), 8 survivors (8192K)
 Metaspace       used 37722K, committed 37952K, reserved 1114112K
  class space    used 5019K, committed 5120K, reserved 1048576K
}
Event: 37.554 GC heap after
{Heap after GC invocations=46 (full 0):
 garbage-first heap   total 295936K, used 183541K [0x00000000c2000000, 0x0000000100000000)
  region size 1024K, 11 young (11264K), 11 survivors (11264K)
 Metaspace       used 37722K, committed 37952K, reserved 1114112K
  class space    used 5019K, committed 5120K, reserved 1048576K
}
Event: 37.567 GC heap before
{Heap before GC invocations=46 (full 0):
 garbage-first heap   total 295936K, used 186613K [0x00000000c2000000, 0x0000000100000000)
  region size 1024K, 14 young (14336K), 11 survivors (11264K)
 Metaspace       used 37722K, committed 37952K, reserved 1114112K
  class space    used 5019K, committed 5120K, reserved 1048576K
}
Event: 38.567 GC heap after
{Heap after GC invocations=47 (full 0):
 garbage-first heap   total 295936K, used 183440K [0x00000000c2000000, 0x0000000100000000)
  region size 1024K, 1 young (1024K), 1 survivors (1024K)
 Metaspace       used 37722K, committed 37952K, reserved 1114112K
  class space    used 5019K, committed 5120K, reserved 1048576K
}
Event: 38.643 GC heap before
{Heap before GC invocations=47 (full 0):
 garbage-first heap   total 295936K, used 195728K [0x00000000c2000000, 0x0000000100000000)
  region size 1024K, 14 young (14336K), 1 survivors (1024K)
 Metaspace       used 37722K, committed 37952K, reserved 1114112K
  class space    used 5019K, committed 5120K, reserved 1048576K
}
Event: 39.792 GC heap after
{Heap after GC invocations=48 (full 0):
 garbage-first heap   total 295936K, used 184981K [0x00000000c2000000, 0x0000000100000000)
  region size 1024K, 2 young (2048K), 2 survivors (2048K)
 Metaspace       used 37722K, committed 37952K, reserved 1114112K
  class space    used 5019K, committed 5120K, reserved 1048576K
}

Dll operation events (11 events):
Event: 0.015 Loaded shared library C:\Program Files\Java\jdk-21\bin\java.dll
Event: 0.185 Loaded shared library C:\Program Files\Java\jdk-21\bin\jsvml.dll
Event: 0.232 Loaded shared library C:\Program Files\Java\jdk-21\bin\net.dll
Event: 0.381 Loaded shared library C:\Program Files\Java\jdk-21\bin\nio.dll
Event: 0.425 Loaded shared library C:\Program Files\Java\jdk-21\bin\zip.dll
Event: 0.533 Loaded shared library C:\Program Files\Java\jdk-21\bin\verify.dll
Event: 18.600 Loaded shared library C:\Program Files\Java\jdk-21\bin\jimage.dll
Event: 26.872 Loaded shared library C:\Program Files\Java\jdk-21\bin\management.dll
Event: 26.884 Loaded shared library C:\Program Files\Java\jdk-21\bin\management_ext.dll
Event: 27.220 Loaded shared library C:\Program Files\Java\jdk-21\bin\sunmscapi.dll
Event: 27.305 Loaded shared library C:\Program Files\Java\jdk-21\bin\extnet.dll

Deoptimization events (20 events):
Event: 31.589 Thread 0x00000168b4ebd880 Uncommon trap: trap_request=0xfffffff6 fr.pc=0x00000168c4ea628c relative=0x000000000000032c
Event: 31.589 Thread 0x00000168b4ebd880 Uncommon trap: reason=null_check action=maybe_recompile pc=0x00000168c4ea628c method=java.util.concurrent.ConcurrentHashMap.get(Ljava/lang/Object;)Ljava/lang/Object; @ 1 c2
Event: 31.589 Thread 0x00000168b4ebd880 DEOPT PACKING pc=0x00000168c4ea628c sp=0x000000319fdfd740
Event: 31.589 Thread 0x00000168b4ebd880 DEOPT UNPACKING pc=0x00000168c48d46a2 sp=0x000000319fdfd6b8 mode 2
Event: 34.046 Thread 0x00000168b4ebd880 Uncommon trap: trap_request=0xffffff45 fr.pc=0x00000168c5035b68 relative=0x0000000000000148
Event: 34.046 Thread 0x00000168b4ebd880 Uncommon trap: reason=unstable_if action=reinterpret pc=0x00000168c5035b68 method=org.apache.avro.io.BinaryDecoder.ensureBounds(I)V @ 12 c2
Event: 34.046 Thread 0x00000168b4ebd880 DEOPT PACKING pc=0x00000168c5035b68 sp=0x000000319fdfd5d0
Event: 34.046 Thread 0x00000168b4ebd880 DEOPT UNPACKING pc=0x00000168c48d46a2 sp=0x000000319fdfd4d8 mode 2
Event: 34.046 Thread 0x00000168b4ebd880 Uncommon trap: trap_request=0xffffff45 fr.pc=0x00000168c5035314 relative=0x0000000000000074
Event: 34.046 Thread 0x00000168b4ebd880 Uncommon trap: reason=unstable_if action=reinterpret pc=0x00000168c5035314 method=org.apache.avro.io.BinaryDecoder.ensureBounds(I)V @ 12 c2
Event: 34.046 Thread 0x00000168b4ebd880 DEOPT PACKING pc=0x00000168c5035314 sp=0x000000319fdfd780
Event: 34.046 Thread 0x00000168b4ebd880 DEOPT UNPACKING pc=0x00000168c48d46a2 sp=0x000000319fdfd700 mode 2
Event: 34.759 Thread 0x00000168b4ebd880 Uncommon trap: trap_request=0xffffff45 fr.pc=0x00000168c4ea6140 relative=0x00000000000001e0
Event: 34.759 Thread 0x00000168b4ebd880 Uncommon trap: reason=unstable_if action=reinterpret pc=0x00000168c4ea6140 method=com.google.gson.internal.bind.ObjectTypeAdapter.write(Lcom/google/gson/stream/JsonWriter;Ljava/lang/Object;)V @ 1 c2
Event: 34.759 Thread 0x00000168b4ebd880 DEOPT PACKING pc=0x00000168c4ea6140 sp=0x000000319fdfd490
Event: 34.759 Thread 0x00000168b4ebd880 DEOPT UNPACKING pc=0x00000168c48d46a2 sp=0x000000319fdfd430 mode 2
Event: 34.759 Thread 0x00000168b4ebd880 Uncommon trap: trap_request=0xffffff45 fr.pc=0x00000168c4e94bf8 relative=0x00000000000000d8
Event: 34.759 Thread 0x00000168b4ebd880 Uncommon trap: reason=unstable_if action=reinterpret pc=0x00000168c4e94bf8 method=com.google.gson.stream.JsonWriter.nullValue()Lcom/google/gson/stream/JsonWriter; @ 4 c2
Event: 34.759 Thread 0x00000168b4ebd880 DEOPT PACKING pc=0x00000168c4e94bf8 sp=0x000000319fdfd410
Event: 34.760 Thread 0x00000168b4ebd880 DEOPT UNPACKING pc=0x00000168c48d46a2 sp=0x000000319fdfd3d0 mode 2

Classes loaded (20 events):
Event: 30.244 Loading class org/w3c/dom/DocumentType
Event: 30.244 Loading class org/w3c/dom/DocumentType done
Event: 30.776 Loading class java/beans/IntrospectionException
Event: 30.776 Loading class java/beans/IntrospectionException done
Event: 30.777 Loading class java/lang/Class$EnclosingMethodInfo
Event: 30.834 Loading class java/lang/Class$EnclosingMethodInfo done
Event: 31.086 Loading class jdk/internal/logger/LoggerFinderLoader
Event: 31.087 Loading class jdk/internal/logger/LoggerFinderLoader done
Event: 31.088 Loading class jdk/internal/logger/LoggerFinderLoader$TemporaryLoggerFinder
Event: 31.089 Loading class jdk/internal/logger/LoggerFinderLoader$TemporaryLoggerFinder done
Event: 31.089 Loading class sun/util/logging/internal/LoggingProviderImpl$JULWrapper
Event: 31.090 Loading class sun/util/logging/internal/LoggingProviderImpl$JULWrapper done
Event: 31.126 Loading class java/util/concurrent/atomic/AtomicReferenceArray
Event: 31.127 Loading class java/util/concurrent/atomic/AtomicReferenceArray done
Event: 31.127 Loading class java/lang/invoke/VarHandleReferences$Array
Event: 31.128 Loading class java/lang/invoke/VarHandleReferences$Array done
Event: 31.646 Loading class jdk/internal/reflect/MethodHandleIntegerFieldAccessorImpl
Event: 31.646 Loading class jdk/internal/reflect/MethodHandleIntegerFieldAccessorImpl done
Event: 31.671 Loading class jdk/internal/reflect/MethodHandleBooleanFieldAccessorImpl
Event: 31.702 Loading class jdk/internal/reflect/MethodHandleBooleanFieldAccessorImpl done

Classes unloaded (2 events):
Event: 28.746 Thread 0x00000168b4f73a20 Unloading class 0x00000168d128c800 'jdk/internal/reflect/GeneratedSerializationConstructorAccessor4'
Event: 28.746 Thread 0x00000168b4f73a20 Unloading class 0x00000168d1282000 'jdk/internal/reflect/GeneratedSerializationConstructorAccessor3'

Classes redefined (0 events):
No events

Internal exceptions (20 events):
Event: 24.560 Thread 0x00000168b4ebd880 Exception <a 'java/lang/ClassNotFoundException'{0x00000000c50bf150}: org/powermock/configuration/MockitoConfigurationCustomizer> (0x00000000c50bf150) 
thrown [s\open\src\hotspot\share\classfile\systemDictionary.cpp, line 312]
Event: 24.567 Thread 0x00000168b4ebd880 Exception <a 'java/lang/ClassNotFoundException'{0x00000000c50ee0c8}: org/powermock/configuration/PowerMockConfigurationBeanInfo> (0x00000000c50ee0c8) 
thrown [s\open\src\hotspot\share\classfile\systemDictionary.cpp, line 312]
Event: 24.569 Thread 0x00000168b4ebd880 Exception <a 'java/lang/ClassNotFoundException'{0x00000000c4f07c28}: org/powermock/configuration/PowerMockConfigurationCustomizer> (0x00000000c4f07c28) 
thrown [s\open\src\hotspot\share\classfile\systemDictionary.cpp, line 312]
Event: 24.575 Thread 0x00000168b4ebd880 Exception <a 'java/lang/ClassNotFoundException'{0x00000000c4f33e90}: org/powermock/configuration/PowerMockConfigurationBeanInfo> (0x00000000c4f33e90) 
thrown [s\open\src\hotspot\share\classfile\systemDictionary.cpp, line 312]
Event: 24.579 Thread 0x00000168b4ebd880 Exception <a 'java/lang/ClassNotFoundException'{0x00000000c4f4d550}: org/powermock/configuration/PowerMockConfigurationCustomizer> (0x00000000c4f4d550) 
thrown [s\open\src\hotspot\share\classfile\systemDictionary.cpp, line 312]
Event: 27.166 Thread 0x00000168b4ebd880 Exception <a 'java/lang/NoSuchMethodError'{0x00000000c4acf748}: 'java.lang.Object java.lang.invoke.DirectMethodHandle$Holder.invokeStaticInit(java.lang.Object, int, int, int, int)'> (0x00000000c4acf748) 
thrown [s\open\src\hotspot\share\interpreter\linkResolver.cpp, line 773]
Event: 27.289 Thread 0x00000168b4ebd880 Exception <a 'java/lang/NoSuchMethodError'{0x00000000c48920e8}: 'java.lang.Object java.lang.invoke.DirectMethodHandle$Holder.invokeStaticInit(java.lang.Object, java.lang.Object, int, int, int, int)'> (0x00000000c48920e8) 
thrown [s\open\src\hotspot\share\interpreter\linkResolver.cpp, line 773]
Event: 27.947 Thread 0x00000168b4ebd880 Exception <a 'sun/nio/fs/WindowsException'{0x00000000c571f610}> (0x00000000c571f610) 
thrown [s\open\src\hotspot\share\prims\jni.cpp, line 520]
Event: 28.399 Thread 0x00000168b4ebd880 Exception <a 'java/lang/NoSuchMethodError'{0x00000000c4d16388}: 'void java.lang.invoke.DirectMethodHandle$Holder.invokeStatic(java.lang.Object, java.lang.Object)'> (0x00000000c4d16388) 
thrown [s\open\src\hotspot\share\interpreter\linkResolver.cpp, line 773]
Event: 28.635 Thread 0x0000016915075900 Exception <a 'java/lang/NoSuchMethodError'{0x00000000c5cf3288}: 'void java.lang.invoke.DirectMethodHandle$Holder.invokeVirtual(java.lang.Object, java.lang.Object, java.lang.Object, java.lang.Object, java.lang.Object)'> (0x00000000c5cf3288) 
thrown [s\open\src\hotspot\share\interpreter\linkResolver.cpp, line 773]
Event: 28.638 Thread 0x0000016915075900 Exception <a 'java/lang/NoSuchMethodError'{0x00000000c5b26d88}: 'java.lang.Object java.lang.invoke.Invokers$Holder.invokeExact_MT(java.lang.Object, java.lang.Object, java.lang.Object, java.lang.Object, java.lang.Object, java.lang.Object)'> (0x00000000c5b26d88) 
thrown [s\open\src\hotspot\share\interpreter\linkResolver.cpp, line 773]
Event: 29.044 Thread 0x0000016917f18fb0 Exception <a 'java/lang/NoSuchMethodError'{0x00000000c6409c68}: 'org.slf4j.impl.StaticMDCBinder org.slf4j.impl.StaticMDCBinder.getSingleton()'> (0x00000000c6409c68) 
thrown [s\open\src\hotspot\share\interpreter\linkResolver.cpp, line 773]
Event: 30.099 Thread 0x00000168b4ebd880 Implicit null exception at 0x00000168c4ec20d4 to 0x00000168c4ec2565
Event: 30.383 Thread 0x00000168b4ebd880 Implicit null exception at 0x00000168c4f6c522 to 0x00000168c4f6c954
Event: 30.383 Thread 0x00000168b4ebd880 Implicit null exception at 0x00000168c4f7ec22 to 0x00000168c4f7f048
Event: 31.588 Thread 0x00000168b4ebd880 Implicit null exception at 0x00000168c4ea5fa2 to 0x00000168c4ea6280
Event: 31.589 Thread 0x00000168b4ebd880 Implicit null exception at 0x00000168c4ea5fa2 to 0x00000168c4ea6280
Event: 31.589 Thread 0x00000168b4ebd880 Implicit null exception at 0x00000168c4ea5fa2 to 0x00000168c4ea6280
Event: 31.647 Thread 0x00000168b4ebd880 Exception <a 'java/lang/NoSuchMethodError'{0x00000000caf61e70}: 'int java.lang.invoke.Invokers$Holder.invokeExact_MT(java.lang.Object, java.lang.Object, java.lang.Object)'> (0x00000000caf61e70) 
thrown [s\open\src\hotspot\share\interpreter\linkResolver.cpp, line 773]
Event: 34.759 Thread 0x00000168b4ebd880 Implicit null exception at 0x00000168c4ea5fa3 to 0x00000168c4ea6130

ZGC Phase Switch (0 events):
No events

VM Operations (20 events):
Event: 35.543 Executing VM operation: G1CollectForAllocation (G1 Evacuation Pause)
Event: 35.548 Executing VM operation: G1CollectForAllocation (G1 Evacuation Pause) done
Event: 35.826 Executing VM operation: G1CollectForAllocation (G1 Evacuation Pause)
Event: 35.832 Executing VM operation: G1CollectForAllocation (G1 Evacuation Pause) done
Event: 35.889 Executing VM operation: G1PauseRemark
Event: 35.917 Executing VM operation: G1PauseRemark done
Event: 35.941 Executing VM operation: G1PauseCleanup
Event: 35.942 Executing VM operation: G1PauseCleanup done
Event: 36.213 Executing VM operation: G1CollectForAllocation (G1 Evacuation Pause)
Event: 36.219 Executing VM operation: G1CollectForAllocation (G1 Evacuation Pause) done
Event: 36.675 Executing VM operation: G1CollectForAllocation (G1 Evacuation Pause)
Event: 37.554 Executing VM operation: G1CollectForAllocation (G1 Evacuation Pause) done
Event: 37.567 Executing VM operation: G1CollectForAllocation (G1 Evacuation Pause)
Event: 38.567 Executing VM operation: G1CollectForAllocation (G1 Evacuation Pause) done
Event: 38.643 Executing VM operation: G1CollectForAllocation (G1 Evacuation Pause)
Event: 39.792 Executing VM operation: G1CollectForAllocation (G1 Evacuation Pause) done
Event: 39.873 Executing VM operation: G1PauseRemark
Event: 39.878 Executing VM operation: G1PauseRemark done
Event: 39.917 Executing VM operation: G1PauseCleanup
Event: 39.949 Executing VM operation: G1PauseCleanup done

Events (20 events):
Event: 35.892 Thread 0x00000168b4f73a20 flushing nmethod 0x00000168c4e94990
Event: 35.892 Thread 0x00000168b4f73a20 flushing nmethod 0x00000168bd4c9110
Event: 35.892 Thread 0x00000168b4f73a20 flushing nmethod 0x00000168bdacc110
Event: 39.876 Thread 0x00000168b4f73a20 flushing nmethod 0x00000168bd43fc90
Event: 39.876 Thread 0x00000168b4f73a20 flushing nmethod 0x00000168bd4f5390
Event: 39.876 Thread 0x00000168b4f73a20 flushing nmethod 0x00000168bd50f590
Event: 39.876 Thread 0x00000168b4f73a20 flushing nmethod 0x00000168bd550410
Event: 39.876 Thread 0x00000168b4f73a20 flushing nmethod 0x00000168bd5b3f10
Event: 39.876 Thread 0x00000168b4f73a20 flushing nmethod 0x00000168bd8aed90
Event: 39.876 Thread 0x00000168b4f73a20 flushing nmethod 0x00000168bdac4390
Event: 39.876 Thread 0x00000168b4f73a20 flushing nmethod 0x00000168bd395f90
Event: 39.876 Thread 0x00000168b4f73a20 flushing nmethod 0x00000168bd4e8410
Event: 39.876 Thread 0x00000168b4f73a20 flushing nmethod 0x00000168bd63a690
Event: 39.876 Thread 0x00000168b4f73a20 flushing nmethod 0x00000168bd63ac10
Event: 39.876 Thread 0x00000168b4f73a20 flushing nmethod 0x00000168bd63b310
Event: 39.876 Thread 0x00000168b4f73a20 flushing nmethod 0x00000168bd699510
Event: 39.876 Thread 0x00000168b4f73a20 flushing nmethod 0x00000168bd8ff990
Event: 39.876 Thread 0x00000168b4f73a20 flushing nmethod 0x00000168bd39a910
Event: 39.876 Thread 0x00000168b4f73a20 flushing nmethod 0x00000168bd690010
Event: 39.876 Thread 0x00000168b4f73a20 flushing nmethod 0x00000168bd744e90


Dynamic libraries:
0x00007ff799a40000 - 0x00007ff799a50000 	C:\Program Files\Java\jdk-21\bin\java.exe
0x00007ff8d5850000 - 0x00007ff8d5a48000 	C:\Windows\SYSTEM32\ntdll.dll
0x00007ff8d4c90000 - 0x00007ff8d4d52000 	C:\Windows\System32\KERNEL32.DLL
0x00007ff8d3570000 - 0x00007ff8d3866000 	C:\Windows\System32\KERNELBASE.dll
0x00007ff8d31f0000 - 0x00007ff8d32f0000 	C:\Windows\System32\ucrtbase.dll
0x00007ff8cc1a0000 - 0x00007ff8cc1bb000 	C:\Program Files\Java\jdk-21\bin\VCRUNTIME140.dll
0x00007ff8c2ca0000 - 0x00007ff8c2cb9000 	C:\Program Files\Java\jdk-21\bin\jli.dll
0x00007ff8d4950000 - 0x00007ff8d49ff000 	C:\Windows\System32\ADVAPI32.dll
0x00007ff8d5750000 - 0x00007ff8d57ee000 	C:\Windows\System32\msvcrt.dll
0x00007ff8d4d60000 - 0x00007ff8d4dff000 	C:\Windows\System32\sechost.dll
0x00007ff8d4e00000 - 0x00007ff8d4f23000 	C:\Windows\System32\RPCRT4.dll
0x00007ff8d3340000 - 0x00007ff8d3367000 	C:\Windows\System32\bcrypt.dll
0x00007ff8d55b0000 - 0x00007ff8d574d000 	C:\Windows\System32\USER32.dll
0x00007ff8d3090000 - 0x00007ff8d30b2000 	C:\Windows\System32\win32u.dll
0x00007ff8d5080000 - 0x00007ff8d50ab000 	C:\Windows\System32\GDI32.dll
0x00007ff8d2f70000 - 0x00007ff8d308a000 	C:\Windows\System32\gdi32full.dll
0x00007ff8c7640000 - 0x00007ff8c78da000 	C:\Windows\WinSxS\amd64_microsoft.windows.common-controls_6595b64144ccf1df_6.0.19041.4355_none_60b8b9eb71f62e16\COMCTL32.dll
0x00007ff8d34d0000 - 0x00007ff8d356d000 	C:\Windows\System32\msvcp_win.dll
0x00007ff8cc440000 - 0x00007ff8cc44a000 	C:\Windows\SYSTEM32\VERSION.dll
0x00007ff8d4920000 - 0x00007ff8d494f000 	C:\Windows\System32\IMM32.DLL
0x00007ff8cbd20000 - 0x00007ff8cbd2c000 	C:\Program Files\Java\jdk-21\bin\vcruntime140_1.dll
0x00007ff8b0a00000 - 0x00007ff8b0a8e000 	C:\Program Files\Java\jdk-21\bin\msvcp140.dll
0x00007ff87c180000 - 0x00007ff87ce9a000 	C:\Program Files\Java\jdk-21\bin\server\jvm.dll
0x00007ff8d5110000 - 0x00007ff8d517b000 	C:\Windows\System32\WS2_32.dll
0x00007ff8d2d40000 - 0x00007ff8d2d8b000 	C:\Windows\SYSTEM32\POWRPROF.dll
0x00007ff8c5d20000 - 0x00007ff8c5d47000 	C:\Windows\SYSTEM32\WINMM.dll
0x00007ff8d2d20000 - 0x00007ff8d2d32000 	C:\Windows\SYSTEM32\UMPDC.dll
0x00007ff8d1700000 - 0x00007ff8d1712000 	C:\Windows\SYSTEM32\kernel.appcore.dll
0x00007ff8cbcc0000 - 0x00007ff8cbcca000 	C:\Program Files\Java\jdk-21\bin\jimage.dll
0x00007ff8d0c50000 - 0x00007ff8d0e34000 	C:\Windows\SYSTEM32\DBGHELP.DLL
0x00007ff8ca5d0000 - 0x00007ff8ca604000 	C:\Windows\SYSTEM32\dbgcore.DLL
0x00007ff8d2ee0000 - 0x00007ff8d2f62000 	C:\Windows\System32\bcryptPrimitives.dll
0x00007ff8c2b70000 - 0x00007ff8c2b8f000 	C:\Program Files\Java\jdk-21\bin\java.dll
0x00007ff8d3f60000 - 0x00007ff8d46cf000 	C:\Windows\System32\SHELL32.dll
0x00007ff8d0e40000 - 0x00007ff8d15e3000 	C:\Windows\SYSTEM32\windows.storage.dll
0x00007ff8d5250000 - 0x00007ff8d55a5000 	C:\Windows\System32\combase.dll
0x00007ff8d2840000 - 0x00007ff8d286b000 	C:\Windows\SYSTEM32\Wldp.dll
0x00007ff8d5180000 - 0x00007ff8d524d000 	C:\Windows\System32\OLEAUT32.dll
0x00007ff8d3870000 - 0x00007ff8d391d000 	C:\Windows\System32\SHCORE.dll
0x00007ff8d4a00000 - 0x00007ff8d4a55000 	C:\Windows\System32\shlwapi.dll
0x00007ff8d2e10000 - 0x00007ff8d2e35000 	C:\Windows\SYSTEM32\profapi.dll
0x00007ff8a7120000 - 0x00007ff8a71f7000 	C:\Program Files\Java\jdk-21\bin\jsvml.dll
0x00007ff8ca1a0000 - 0x00007ff8ca1b0000 	C:\Program Files\Java\jdk-21\bin\net.dll
0x00007ff8c91a0000 - 0x00007ff8c92aa000 	C:\Windows\SYSTEM32\WINHTTP.dll
0x00007ff8d25a0000 - 0x00007ff8d260c000 	C:\Windows\system32\mswsock.dll
0x00007ff8baf50000 - 0x00007ff8baf66000 	C:\Program Files\Java\jdk-21\bin\nio.dll
0x00007ff8baf30000 - 0x00007ff8baf48000 	C:\Program Files\Java\jdk-21\bin\zip.dll
0x00007ff8c8e10000 - 0x00007ff8c8e20000 	C:\Program Files\Java\jdk-21\bin\verify.dll
0x00007ff8c2c90000 - 0x00007ff8c2c9a000 	C:\Program Files\Java\jdk-21\bin\management.dll
0x00007ff8c2b20000 - 0x00007ff8c2b2b000 	C:\Program Files\Java\jdk-21\bin\management_ext.dll
0x00007ff8d3f50000 - 0x00007ff8d3f58000 	C:\Windows\System32\PSAPI.DLL
0x00007ff8d22c0000 - 0x00007ff8d238a000 	C:\Windows\SYSTEM32\DNSAPI.dll
0x00007ff8d2280000 - 0x00007ff8d22bb000 	C:\Windows\SYSTEM32\IPHLPAPI.DLL
0x00007ff8d3e60000 - 0x00007ff8d3e68000 	C:\Windows\System32\NSI.dll
0x00007ff8ca610000 - 0x00007ff8ca61a000 	C:\Windows\System32\rasadhlp.dll
0x00007ff8c71d0000 - 0x00007ff8c7250000 	C:\Windows\System32\fwpuclnt.dll
0x00007ff8c8030000 - 0x00007ff8c803e000 	C:\Program Files\Java\jdk-21\bin\sunmscapi.dll
0x00007ff8d3370000 - 0x00007ff8d34cd000 	C:\Windows\System32\CRYPT32.dll
0x00007ff8d28b0000 - 0x00007ff8d28d7000 	C:\Windows\SYSTEM32\ncrypt.dll
0x00007ff8d2870000 - 0x00007ff8d28ab000 	C:\Windows\SYSTEM32\NTASN1.dll
0x00007ff8cc7b0000 - 0x00007ff8cc7b7000 	C:\Windows\system32\wshunix.dll
0x00007ff8d27a0000 - 0x00007ff8d27b8000 	C:\Windows\SYSTEM32\CRYPTSP.dll
0x00007ff8d1ec0000 - 0x00007ff8d1ef8000 	C:\Windows\system32\rsaenh.dll
0x00007ff8d2dd0000 - 0x00007ff8d2dfe000 	C:\Windows\SYSTEM32\USERENV.dll
0x00007ff8d2790000 - 0x00007ff8d279c000 	C:\Windows\SYSTEM32\CRYPTBASE.dll
0x00007ff8c2a80000 - 0x00007ff8c2a89000 	C:\Program Files\Java\jdk-21\bin\extnet.dll
0x00007ff888820000 - 0x00007ff888837000 	C:\Windows\system32\napinsp.dll
0x00007ff888800000 - 0x00007ff88881b000 	C:\Windows\system32\pnrpnsp.dll
0x00007ff8cd440000 - 0x00007ff8cd455000 	C:\Windows\system32\wshbth.dll
0x00007ff8cbda0000 - 0x00007ff8cbdbd000 	C:\Windows\system32\NLAapi.dll
0x00007ff8887e0000 - 0x00007ff8887f2000 	C:\Windows\System32\winrnr.dll

dbghelp: loaded successfully - version: 4.0.5 - missing functions: none
symbol engine: initialized successfully - sym options: 0x614 - pdb path: .;C:\Program Files\Java\jdk-21\bin;C:\Windows\SYSTEM32;C:\Windows\WinSxS\amd64_microsoft.windows.common-controls_6595b64144ccf1df_6.0.19041.4355_none_60b8b9eb71f62e16;C:\Program Files\Java\jdk-21\bin\server

VM Arguments:
java_command: C:\Users\Admin\wrangler\wrangler\wrangler-second-account\wrangler-core\target\surefire\surefirebooter15029273195915888580.jar C:\Users\Admin\wrangler\wrangler\wrangler-second-account\wrangler-core\target\surefire\surefire11478674288803656078tmp C:\Users\Admin\wrangler\wrangler\wrangler-second-account\wrangler-core\target\surefire\surefire_26055405686241642546tmp
java_class_path (initial): C:\Users\Admin\wrangler\wrangler\wrangler-second-account\wrangler-core\target\surefire\surefirebooter15029273195915888580.jar
Launcher Type: SUN_STANDARD

[Global flags]
     intx CICompilerCount                          = 3                                         {product} {ergonomic}
     uint ConcGCThreads                            = 1                                         {product} {ergonomic}
     uint G1ConcRefinementThreads                  = 4                                         {product} {ergonomic}
   size_t G1HeapRegionSize                         = 1048576                                   {product} {ergonomic}
    uintx GCDrainStackTargetSize                   = 64                                        {product} {ergonomic}
   size_t InitialHeapSize                          = 65011712                                  {product} {ergonomic}
   size_t MarkStackSize                            = 4194304                                   {product} {ergonomic}
   size_t MaxHeapSize                              = 1040187392                                {product} {ergonomic}
   size_t MaxNewSize                               = 623902720                                 {product} {ergonomic}
   size_t MinHeapDeltaBytes                        = 1048576                                   {product} {ergonomic}
   size_t MinHeapSize                              = 8388608                                   {product} {ergonomic}
    uintx NonNMethodCodeHeapSize                   = 5832780                                {pd product} {ergonomic}
    uintx NonProfiledCodeHeapSize                  = 122912730                              {pd product} {ergonomic}
    uintx ProfiledCodeHeapSize                     = 122912730                              {pd product} {ergonomic}
    uintx ReservedCodeCacheSize                    = 251658240                              {pd product} {ergonomic}
     bool SegmentedCodeCache                       = true                                      {product} {ergonomic}
   size_t SoftMaxHeapSize                          = 1040187392                             {manageable} {ergonomic}
     bool UseCompressedOops                        = true                           {product lp64_product} {ergonomic}
     bool UseG1GC                                  = true                                      {product} {ergonomic}
     bool UseLargePagesIndividualAllocation        = false                                  {pd product} {ergonomic}

Logging:
Log output configuration:
 #0: stdout all=warning uptime,level,tags foldmultilines=false
 #1: stderr all=off uptime,level,tags foldmultilines=false

Environment Variables:
PATH=C:\Program Files\Common Files\Oracle\Java\javapath;C:\Users\Admin\AppData\Local\Programs\Python\Python313\Scripts\;C:\Users\Admin\AppData\Local\Programs\Python\Python313\;C:\Users\Admin\AppData\Local\Microsoft\WindowsApps;C:\Users\Admin\.dotnet\tools;C:\Users\Admin\AppData\Local\Programs\Microsoft VS Code\bin;C:\Users\Admin\AppData\Roaming\npm;C:\Users\Admin\AppData\Roaming\pypoetry\venv\Scripts;C:\Program Files\Git\cmd;C:\Program Files\dotnet\;C:\Program Files\Maven\apache-maven-3.9.9\bin;C:\Program Files\Maven\apache-maven-3.9.9\bin;C:\Users\Admin\AppData\Local\Programs\Python\Python313\Scripts\;C:\Users\Admin\AppData\Local\Programs\Python\Python313\;C:\Users\Admin\AppData\Local\Microsoft\WindowsApps;C:\Users\Admin\.dotnet\tools;C:\Users\Admin\AppData\Local\Programs\Microsoft VS Code\bin;C:\Users\Admin\AppData\Roaming\npm;C:\Users\Admin\AppData\Roaming\pypoetry\venv\Scripts;
USERNAME=Admin
OS=Windows_NT
PROCESSOR_IDENTIFIER=Intel64 Family 6 Model 142 Stepping 9, GenuineIntel
TMP=C:\Users\Admin\AppData\Local\Temp
TEMP=C:\Users\Admin\AppData\Local\Temp




Periodic native trim disabled

---------------  S Y S T E M  ---------------

OS:
 Windows 10 , 64 bit Build 19041 (10.0.19041.5678)
OS uptime: 1 days 3:02 hours

CPU: total 4 (initial active 4) (2 cores per cpu, 2 threads per core) family 6 model 142 stepping 9 microcode 0xb4, cx8, cmov, fxsr, ht, mmx, 3dnowpref, sse, sse2, sse3, ssse3, sse4.1, sse4.2, popcnt, lzcnt, tsc, tscinvbit, avx, avx2, aes, erms, clmul, bmi1, bmi2, adx, fma, vzeroupper, clflush, clflushopt, rdtscp, f16c
Processor Information for all 4 processors :
  Max Mhz: 2300, Current Mhz: 2300, Mhz Limit: 2300

Memory: 4k page, system-wide physical 3961M (262M free)
TotalPageFile size 16249M (AvailPageFile size 3M)
current process WorkingSet (physical memory assigned to process): 381M, peak: 398M
current process commit charge ("private bytes"): 492M, peak: 495M

vm_info: Java HotSpot(TM) 64-Bit Server VM (21.0.6+8-LTS-188) for windows-amd64 JRE (21.0.6+8-LTS-188), built on 2024-12-03T10:50:54Z by "mach5one" with MS VC++ 17.6 (VS2022)

END.
